Archive member included to satisfy reference by file (symbol)

/usr/lib/gcc/arm-none-eabi/13.2.1/thumb/v6-m/nofp/libgcc.a(_dvmd_tls.o)
                              CMakeFiles/cap_template.dir/home/qaisalhindi/Documents/pico/w1part1/pico-sdk/src/rp2_common/pico_divider/divider_hardware.S.obj (__aeabi_idiv0)
/usr/lib/gcc/arm-none-eabi/13.2.1/../../../arm-none-eabi/lib/thumb/v6-m/nofp/libg.a(libc_a-strtok.o)
                              CMakeFiles/cap_template.dir/cli.c.obj (strtok)
/usr/lib/gcc/arm-none-eabi/13.2.1/../../../arm-none-eabi/lib/thumb/v6-m/nofp/libg.a(libc_a-strcmp.o)
                              CMakeFiles/cap_template.dir/cli.c.obj (strcmp)
/usr/lib/gcc/arm-none-eabi/13.2.1/../../../arm-none-eabi/lib/thumb/v6-m/nofp/libg.a(libc_a-calloc.o)
                              CMakeFiles/cap_template.dir/home/qaisalhindi/Documents/pico/w1part1/pico-sdk/src/rp2_common/pico_malloc/malloc.c.obj (calloc)
/usr/lib/gcc/arm-none-eabi/13.2.1/../../../arm-none-eabi/lib/thumb/v6-m/nofp/libg.a(libc_a-impure.o)
                              CMakeFiles/cap_template.dir/main.c.obj (_impure_ptr)
/usr/lib/gcc/arm-none-eabi/13.2.1/../../../arm-none-eabi/lib/thumb/v6-m/nofp/libg.a(libc_a-callocr.o)
                              /usr/lib/gcc/arm-none-eabi/13.2.1/../../../arm-none-eabi/lib/thumb/v6-m/nofp/libg.a(libc_a-calloc.o) (_calloc_r)
/usr/lib/gcc/arm-none-eabi/13.2.1/../../../arm-none-eabi/lib/thumb/v6-m/nofp/libg.a(libc_a-realloc.o)
                              CMakeFiles/cap_template.dir/home/qaisalhindi/Documents/pico/w1part1/pico-sdk/src/rp2_common/pico_malloc/malloc.c.obj (realloc)
/usr/lib/gcc/arm-none-eabi/13.2.1/../../../arm-none-eabi/lib/thumb/v6-m/nofp/libg.a(libc_a-mallocr.o)
                              /usr/lib/gcc/arm-none-eabi/13.2.1/../../../arm-none-eabi/lib/thumb/v6-m/nofp/libg.a(libc_a-callocr.o) (_malloc_r)
/usr/lib/gcc/arm-none-eabi/13.2.1/../../../arm-none-eabi/lib/thumb/v6-m/nofp/libg.a(libc_a-freer.o)
                              /usr/lib/gcc/arm-none-eabi/13.2.1/../../../arm-none-eabi/lib/thumb/v6-m/nofp/libg.a(libc_a-mallocr.o) (_free_r)
/usr/lib/gcc/arm-none-eabi/13.2.1/../../../arm-none-eabi/lib/thumb/v6-m/nofp/libg.a(libc_a-strtok_r.o)
                              /usr/lib/gcc/arm-none-eabi/13.2.1/../../../arm-none-eabi/lib/thumb/v6-m/nofp/libg.a(libc_a-strtok.o) (__strtok_r)
/usr/lib/gcc/arm-none-eabi/13.2.1/../../../arm-none-eabi/lib/thumb/v6-m/nofp/libg.a(libc_a-memcmp.o)
                              CMakeFiles/cap_template.dir/home/qaisalhindi/Documents/pico/w1part1/pico-sdk/src/rp2_common/pico_atomic/atomic.c.obj (memcmp)
/usr/lib/gcc/arm-none-eabi/13.2.1/../../../arm-none-eabi/lib/thumb/v6-m/nofp/libg.a(libc_a-atoi.o)
                              CMakeFiles/cap_template.dir/cli.c.obj (atoi)
/usr/lib/gcc/arm-none-eabi/13.2.1/../../../arm-none-eabi/lib/thumb/v6-m/nofp/libg.a(libc_a-strtol.o)
                              /usr/lib/gcc/arm-none-eabi/13.2.1/../../../arm-none-eabi/lib/thumb/v6-m/nofp/libg.a(libc_a-atoi.o) (_strtol_r)
/usr/lib/gcc/arm-none-eabi/13.2.1/../../../arm-none-eabi/lib/thumb/v6-m/nofp/libg.a(libc_a-malloc.o)
                              CMakeFiles/cap_template.dir/home/qaisalhindi/Documents/pico/w1part1/pico-sdk/src/rp2_common/pico_malloc/malloc.c.obj (malloc)
/usr/lib/gcc/arm-none-eabi/13.2.1/../../../arm-none-eabi/lib/thumb/v6-m/nofp/libg.a(libc_a-sysconf.o)
                              /usr/lib/gcc/arm-none-eabi/13.2.1/../../../arm-none-eabi/lib/thumb/v6-m/nofp/libg.a(libc_a-mallocr.o) (sysconf)
/usr/lib/gcc/arm-none-eabi/13.2.1/../../../arm-none-eabi/lib/thumb/v6-m/nofp/libg.a(libc_a-init.o)
                              /usr/lib/gcc/arm-none-eabi/13.2.1/../../../arm-none-eabi/lib/thumb/v6-m/nofp/crt0.o (__libc_init_array)
/usr/lib/gcc/arm-none-eabi/13.2.1/../../../arm-none-eabi/lib/thumb/v6-m/nofp/libg.a(libc_a-reallocr.o)
                              /usr/lib/gcc/arm-none-eabi/13.2.1/../../../arm-none-eabi/lib/thumb/v6-m/nofp/libg.a(libc_a-realloc.o) (_realloc_r)
/usr/lib/gcc/arm-none-eabi/13.2.1/../../../arm-none-eabi/lib/thumb/v6-m/nofp/libg.a(libc_a-mktime.o)
                              CMakeFiles/cap_template.dir/home/qaisalhindi/Documents/pico/w1part1/pico-sdk/src/common/pico_util/datetime.c.obj (mktime)
/usr/lib/gcc/arm-none-eabi/13.2.1/../../../arm-none-eabi/lib/thumb/v6-m/nofp/libg.a(libc_a-mlock.o)
                              /usr/lib/gcc/arm-none-eabi/13.2.1/../../../arm-none-eabi/lib/thumb/v6-m/nofp/libg.a(libc_a-mallocr.o) (__malloc_lock)
/usr/lib/gcc/arm-none-eabi/13.2.1/../../../arm-none-eabi/lib/thumb/v6-m/nofp/libg.a(libc_a-findfp.o)
                              /usr/lib/gcc/arm-none-eabi/13.2.1/../../../arm-none-eabi/lib/thumb/v6-m/nofp/libg.a(libc_a-impure.o) (__sf)
/usr/lib/gcc/arm-none-eabi/13.2.1/../../../arm-none-eabi/lib/thumb/v6-m/nofp/libg.a(libc_a-tzlock.o)
                              /usr/lib/gcc/arm-none-eabi/13.2.1/../../../arm-none-eabi/lib/thumb/v6-m/nofp/libg.a(libc_a-mktime.o) (__tz_lock)
[...]
Memory Configuration

Name             Origin             Length             Attributes
FLASH            0x10000000         0x00200000         xr
RAM              0x20000000         0x00040000         xrw
SCRATCH_X        0x20040000         0x00001000         xrw
SCRATCH_Y        0x20041000         0x00001000         xrw
*default*        0x00000000         0xffffffff

Linker script and memory map

LOAD /usr/lib/gcc/arm-none-eabi/13.2.1/thumb/v6-m/nofp/crti.o
LOAD /usr/lib/gcc/arm-none-eabi/13.2.1/thumb/v6-m/nofp/crtbegin.o
LOAD /usr/lib/gcc/arm-none-eabi/13.2.1/../../../arm-none-eabi/lib/thumb/v6-m/nofp/crt0.o

.flash_begin    0x10000000        0x0
                0x10000000                        __flash_binary_start = .

.boot2          0x10000000      0x100
                0x10000000                        __boot2_start__ = .
 *(.boot2)
 .boot2         0x10000000      0x100 /tmp/ccHMJ103.o
                0x10000100                        __boot2_end__ = .
                0x00000001                        ASSERT (((__boot2_end__ - __boot2_start__) == 0x100), ERROR: Pico second stage bootloader must be 256 bytes in size)

.text           0x10000100     0x6ed8
                0x10000100                        __logical_binary_start = .
 *(.vectors)
 .vectors       0x10000100       0xd4 CMakeFiles/cap_template.dir/home/qaisalhindi/Documents/pico/w1part1/pico-sdk/src/rp2_common/pico_crt0/crt0.S.obj
                0x10000100                __vectors
                0x10000100                __VECTOR_TABLE
                0x100001c0                isr_invalid
                0x100001c0                __default_isrs_start
                0x100001c2                isr_nmi
                0x100001c4                isr_hardfault
                0x100001c6                isr_svcall
                0x100001c8                isr_pendsv
                0x100001ca                isr_systick
                0x100001cc                isr_irq30
                0x100001cc                __unhandled_user_irq
                0x100001cc                isr_irq13
                0x100001cc                isr_irq27
                0x100001cc                isr_irq31
                0x100001cc                isr_irq5
                0x100001cc                isr_irq11
                0x100001cc                isr_irq23
                0x100001cc                isr_irq18
                0x100001cc                isr_irq28
                0x100001cc                isr_irq19
                0x100001cc                isr_irq0
                0x100001cc                isr_irq6
                0x100001cc                isr_irq22
                0x100001cc                isr_irq17
                0x100001cc                isr_irq14
                0x100001cc                isr_irq2
                0x100001cc                isr_irq10
                0x100001cc                isr_irq8
                0x100001cc                isr_irq24
                0x100001cc                isr_irq1
                0x100001cc                isr_irq7
                0x100001cc                isr_irq21
                0x100001cc                isr_irq20
                0x100001cc                isr_irq15
                0x100001cc                isr_irq25
                0x100001cc                isr_irq4
                0x100001cc                isr_irq16
                0x100001cc                isr_irq29
                0x100001cc                isr_irq26
                0x100001cc                __default_isrs_end
                0x100001cc                isr_irq3
                0x100001cc                isr_irq12
                0x100001cc                isr_irq9
                0x100001d2                unhandled_user_irq_num_in_r0
 *(.binary_info_header)
 .binary_info_header
                0x100001d4       0x14 CMakeFiles/cap_template.dir/home/qaisalhindi/Documents/pico/w1part1/pico-sdk/src/rp2_common/pico_crt0/crt0.S.obj
                0x100001e8                        __binary_info_header_end = .
 *(.embedded_block)
                0x100001e8                        __embedded_block_end = .
 *(.reset)
 .reset         0x100001e8       0x9c CMakeFiles/cap_template.dir/home/qaisalhindi/Documents/pico/w1part1/pico-sdk/src/rp2_common/pico_crt0/crt0.S.obj
                0x100001e8                _entry_point
 *(.init)
 .init          0x10000284        0x4 /usr/lib/gcc/arm-none-eabi/13.2.1/thumb/v6-m/nofp/crti.o
                0x10000284                _init
 *(EXCLUDE_FILE(*libm.a: *libc.a:*lib_a-mem*.o *libgcc.a:) .text*)
 .text          0x10000288       0x98 /usr/lib/gcc/arm-none-eabi/13.2.1/thumb/v6-m/nofp/crtbegin.o
 .text.startup.main
                0x10000320       0x74 CMakeFiles/cap_template.dir/main.c.obj
                0x10000320                main
 .text.custom_fgets
                0x10000394       0x6c CMakeFiles/cap_template.dir/custom_fgets.c.obj
                0x10000394                custom_fgets
 .text.flash_write_safe
                0x10000400       0xe0 CMakeFiles/cap_template.dir/flash_ops.c.obj
                0x10000400                flash_write_safe
 .text.flash_read_safe
                0x100004e0       0xd4 CMakeFiles/cap_template.dir/flash_ops.c.obj
                0x100004e0                flash_read_safe
 .text.flash_erase_safe
                0x100005b4       0x40 CMakeFiles/cap_template.dir/flash_ops.c.obj
                0x100005b4                flash_erase_safe
 .text.execute_command
                0x100005f4       0xec CMakeFiles/cap_template.dir/cli.c.obj
                0x100005f4                execute_command
 .text.rp2040_chip_version
                0x100006e0        0xc CMakeFiles/cap_template.dir/home/qaisalhindi/Documents/pico/w1part1/pico-sdk/src/rp2040/pico_platform/platform.c.obj
                0x100006e0                rp2040_chip_version
 .text.panic    0x100006ec       0x30 CMakeFiles/cap_template.dir/home/qaisalhindi/Documents/pico/w1part1/pico-sdk/src/rp2_common/pico_platform_panic/panic.c.obj
                0x100006ec                panic
 .text.hw_claim_or_assert
                0x1000071c       0x44 CMakeFiles/cap_template.dir/home/qaisalhindi/Documents/pico/w1part1/pico-sdk/src/common/hardware_claim/claim.c.obj
                0x1000071c                hw_claim_or_assert
 .text.hw_claim_unused_from_range
                0x10000760       0x9c CMakeFiles/cap_template.dir/home/qaisalhindi/Documents/pico/w1part1/pico-sdk/src/common/hardware_claim/claim.c.obj
                0x10000760                hw_claim_unused_from_range
 .text.next_striped_spin_lock_num
                0x100007fc       0x18 CMakeFiles/cap_template.dir/home/qaisalhindi/Documents/pico/w1part1/pico-sdk/src/rp2_common/hardware_sync/sync.c.obj
                0x100007fc                next_striped_spin_lock_num
 .text.spin_lock_claim_unused
                0x10000814       0x24 CMakeFiles/cap_template.dir/home/qaisalhindi/Documents/pico/w1part1/pico-sdk/src/rp2_common/hardware_sync/sync.c.obj
                0x10000814                spin_lock_claim_unused
 .text.spin_locks_reset
                0x10000838       0x1c CMakeFiles/cap_template.dir/home/qaisalhindi/Documents/pico/w1part1/pico-sdk/src/rp2_common/hardware_sync_spin_lock/sync_spin_lock.c.obj
                0x10000838                spin_locks_reset
 .text.runtime_init_per_core_irq_priorities
                0x10000854       0x24 CMakeFiles/cap_template.dir/home/qaisalhindi/Documents/pico/w1part1/pico-sdk/src/rp2_common/hardware_irq/irq.c.obj
                0x10000854                runtime_init_per_core_irq_priorities
 .text.irq_set_enabled
                0x10000878       0x24 CMakeFiles/cap_template.dir/home/qaisalhindi/Documents/pico/w1part1/pico-sdk/src/rp2_common/hardware_irq/irq.c.obj
                0x10000878                irq_set_enabled
 .text.irq_is_enabled
                0x1000089c       0x18 CMakeFiles/cap_template.dir/home/qaisalhindi/Documents/pico/w1part1/pico-sdk/src/rp2_common/hardware_irq/irq.c.obj
                0x1000089c                irq_is_enabled
 .text.irq_set_pending
                0x100008b4       0x10 CMakeFiles/cap_template.dir/home/qaisalhindi/Documents/pico/w1part1/pico-sdk/src/rp2_common/hardware_irq/irq.c.obj
                0x100008b4                irq_set_pending
 .text.irq_has_shared_handler
                0x100008c4       0x2c CMakeFiles/cap_template.dir/home/qaisalhindi/Documents/pico/w1part1/pico-sdk/src/rp2_common/hardware_irq/irq.c.obj
                0x100008c4                irq_has_shared_handler
 .text.irq_set_exclusive_handler
                0x100008f0       0x54 CMakeFiles/cap_template.dir/home/qaisalhindi/Documents/pico/w1part1/pico-sdk/src/rp2_common/hardware_irq/irq.c.obj
                0x100008f0                irq_set_exclusive_handler
 .text.irq_add_shared_handler
                0x10000944      0x1f4 CMakeFiles/cap_template.dir/home/qaisalhindi/Documents/pico/w1part1/pico-sdk/src/rp2_common/hardware_irq/irq.c.obj
                0x10000944                irq_add_shared_handler
 .text.irq_add_tail_to_free_list
                0x10000b38       0xb4 CMakeFiles/cap_template.dir/home/qaisalhindi/Documents/pico/w1part1/pico-sdk/src/rp2_common/hardware_irq/irq.c.obj
                0x10000b38                irq_add_tail_to_free_list
 .text.user_irq_claim_unused
                0x10000bec       0x2c CMakeFiles/cap_template.dir/home/qaisalhindi/Documents/pico/w1part1/pico-sdk/src/rp2_common/hardware_irq/irq.c.obj
                0x10000bec                user_irq_claim_unused
 .text.lock_init
                0x10000c18       0x10 CMakeFiles/cap_template.dir/home/qaisalhindi/Documents/pico/w1part1/pico-sdk/src/common/pico_sync/lock_core.c.obj
                0x10000c18                lock_init
 .text.runtime_init_mutex
                0x10000c28       0x50 CMakeFiles/cap_template.dir/home/qaisalhindi/Documents/pico/w1part1/pico-sdk/src/common/pico_sync/mutex.c.obj
                0x10000c28                runtime_init_mutex
 .text.mutex_init
                0x10000c78       0x1c CMakeFiles/cap_template.dir/home/qaisalhindi/Documents/pico/w1part1/pico-sdk/src/common/pico_sync/mutex.c.obj
                0x10000c78                mutex_init
 .text.critical_section_init
                0x10000c94       0x1c CMakeFiles/cap_template.dir/home/qaisalhindi/Documents/pico/w1part1/pico-sdk/src/common/pico_sync/critical_section.c.obj
                0x10000c94                critical_section_init
 .text.critical_section_init_with_lock_num
                0x10000cb0       0x14 CMakeFiles/cap_template.dir/home/qaisalhindi/Documents/pico/w1part1/pico-sdk/src/common/pico_sync/critical_section.c.obj
                0x10000cb0                critical_section_init_with_lock_num
 .text.sleep_until_callback
                0x10000cc4       0x30 CMakeFiles/cap_template.dir/home/qaisalhindi/Documents/pico/w1part1/pico-sdk/src/common/pico_time/time.c.obj
 .text.alarm_pool_irq_handler
                0x10000cf4      0x2e4 CMakeFiles/cap_template.dir/home/qaisalhindi/Documents/pico/w1part1/pico-sdk/src/common/pico_time/time.c.obj
 .text.runtime_init_default_alarm_pool
                0x10000fd8       0xdc CMakeFiles/cap_template.dir/home/qaisalhindi/Documents/pico/w1part1/pico-sdk/src/common/pico_time/time.c.obj
                0x10000fd8                runtime_init_default_alarm_pool
 .text.alarm_pool_get_default
                0x100010b4        0x8 CMakeFiles/cap_template.dir/home/qaisalhindi/Documents/pico/w1part1/pico-sdk/src/common/pico_time/time.c.obj
                0x100010b4                alarm_pool_get_default
 .text.alarm_pool_add_alarm_at
                0x100010bc       0xd4 CMakeFiles/cap_template.dir/home/qaisalhindi/Documents/pico/w1part1/pico-sdk/src/common/pico_time/time.c.obj
                0x100010bc                alarm_pool_add_alarm_at
 .text.alarm_pool_add_alarm_at_force_in_context
                0x10001190       0xb0 CMakeFiles/cap_template.dir/home/qaisalhindi/Documents/pico/w1part1/pico-sdk/src/common/pico_time/time.c.obj
                0x10001190                alarm_pool_add_alarm_at_force_in_context
 .text.alarm_pool_cancel_alarm
                0x10001240       0x74 CMakeFiles/cap_template.dir/home/qaisalhindi/Documents/pico/w1part1/pico-sdk/src/common/pico_time/time.c.obj
                0x10001240                alarm_pool_cancel_alarm
 .text.alarm_pool_core_num
                0x100012b4        0x4 CMakeFiles/cap_template.dir/home/qaisalhindi/Documents/pico/w1part1/pico-sdk/src/common/pico_time/time.c.obj
                0x100012b4                alarm_pool_core_num
 .text.sleep_until
                0x100012b8       0xd8 CMakeFiles/cap_template.dir/home/qaisalhindi/Documents/pico/w1part1/pico-sdk/src/common/pico_time/time.c.obj
                0x100012b8                sleep_until
 .text.sleep_ms
                0x10001390       0x38 CMakeFiles/cap_template.dir/home/qaisalhindi/Documents/pico/w1part1/pico-sdk/src/common/pico_time/time.c.obj
                0x10001390                sleep_ms
 .text.best_effort_wfe_or_timeout
                0x100013c8      0x134 CMakeFiles/cap_template.dir/home/qaisalhindi/Documents/pico/w1part1/pico-sdk/src/common/pico_time/time.c.obj
                0x100013c8                best_effort_wfe_or_timeout
 .text.timer_hardware_alarm_claim
                0x100014fc       0x14 CMakeFiles/cap_template.dir/home/qaisalhindi/Documents/pico/w1part1/pico-sdk/src/rp2_common/hardware_timer/timer.c.obj
                0x100014fc                timer_hardware_alarm_claim
 .text.timer_time_us_64
                0x10001510       0x10 CMakeFiles/cap_template.dir/home/qaisalhindi/Documents/pico/w1part1/pico-sdk/src/rp2_common/hardware_timer/timer.c.obj
                0x10001510                timer_time_us_64
 .text.time_us_64
                0x10001520       0x14 CMakeFiles/cap_template.dir/home/qaisalhindi/Documents/pico/w1part1/pico-sdk/src/rp2_common/hardware_timer/timer.c.obj
                0x10001520                time_us_64
 .text.busy_wait_us
                0x10001534       0x68 CMakeFiles/cap_template.dir/home/qaisalhindi/Documents/pico/w1part1/pico-sdk/src/rp2_common/hardware_timer/timer.c.obj
                0x10001534                busy_wait_us
 .text.busy_wait_until
                0x1000159c       0x20 CMakeFiles/cap_template.dir/home/qaisalhindi/Documents/pico/w1part1/pico-sdk/src/rp2_common/hardware_timer/timer.c.obj
                0x1000159c                busy_wait_until
 .text.clock_configure_int_divider
                0x100015bc       0xf4 CMakeFiles/cap_template.dir/home/qaisalhindi/Documents/pico/w1part1/pico-sdk/src/rp2_common/hardware_clocks/clocks.c.obj
                0x100015bc                clock_configure_int_divider
 .text.clock_configure_undivided
                0x100016b0       0xe8 CMakeFiles/cap_template.dir/home/qaisalhindi/Documents/pico/w1part1/pico-sdk/src/rp2_common/hardware_clocks/clocks.c.obj
                0x100016b0                clock_configure_undivided
 .text.clock_get_hz
                0x10001798        0xc CMakeFiles/cap_template.dir/home/qaisalhindi/Documents/pico/w1part1/pico-sdk/src/rp2_common/hardware_clocks/clocks.c.obj
                0x10001798                clock_get_hz
 .text.pll_init
                0x100017a4       0xa4 CMakeFiles/cap_template.dir/home/qaisalhindi/Documents/pico/w1part1/pico-sdk/src/rp2_common/hardware_pll/pll.c.obj
                0x100017a4                pll_init
 .text.watchdog_reboot
                0x10001848       0x9c CMakeFiles/cap_template.dir/home/qaisalhindi/Documents/pico/w1part1/pico-sdk/src/rp2_common/hardware_watchdog/watchdog.c.obj
                0x10001848                watchdog_reboot
 .text.tick_start
                0x100018e4       0x10 CMakeFiles/cap_template.dir/home/qaisalhindi/Documents/pico/w1part1/pico-sdk/src/rp2_common/hardware_ticks/ticks.c.obj
                0x100018e4                tick_start
 .text.xosc_init
                0x100018f4       0x28 CMakeFiles/cap_template.dir/home/qaisalhindi/Documents/pico/w1part1/pico-sdk/src/rp2_common/hardware_xosc/xosc.c.obj
                0x100018f4                xosc_init
 .text.first_per_core_initializer
                0x1000191c        0x4 CMakeFiles/cap_template.dir/home/qaisalhindi/Documents/pico/w1part1/pico-sdk/src/rp2_common/pico_runtime/runtime.c.obj
 .text.hard_assertion_failure
                0x10001920        0xc CMakeFiles/cap_template.dir/home/qaisalhindi/Documents/pico/w1part1/pico-sdk/src/rp2_common/pico_runtime/runtime.c.obj
                0x10001920                hard_assertion_failure
 .text.runtime_run_initializers
                0x1000192c       0x28 CMakeFiles/cap_template.dir/home/qaisalhindi/Documents/pico/w1part1/pico-sdk/src/rp2_common/pico_runtime/runtime.c.obj
                0x1000192c                runtime_run_initializers
 .text.runtime_init_early_resets
                0x10001954       0x2c CMakeFiles/cap_template.dir/home/qaisalhindi/Documents/pico/w1part1/pico-sdk/src/rp2_common/pico_runtime_init/runtime_init.c.obj
                0x10001954                runtime_init_early_resets
 .text.runtime_init_usb_power_down
                0x10001980       0x1c CMakeFiles/cap_template.dir/home/qaisalhindi/Documents/pico/w1part1/pico-sdk/src/rp2_common/pico_runtime_init/runtime_init.c.obj
                0x10001980                runtime_init_usb_power_down
 .text.runtime_init_post_clock_resets
                0x1000199c       0x20 CMakeFiles/cap_template.dir/home/qaisalhindi/Documents/pico/w1part1/pico-sdk/src/rp2_common/pico_runtime_init/runtime_init.c.obj
                0x1000199c                runtime_init_post_clock_resets
 .text.runtime_init_rp2040_gpio_ie_disable
                0x100019bc       0x14 CMakeFiles/cap_template.dir/home/qaisalhindi/Documents/pico/w1part1/pico-sdk/src/rp2_common/pico_runtime_init/runtime_init.c.obj
                0x100019bc                runtime_init_rp2040_gpio_ie_disable
 .text.runtime_init_spin_locks_reset
                0x100019d0        0x8 CMakeFiles/cap_template.dir/home/qaisalhindi/Documents/pico/w1part1/pico-sdk/src/rp2_common/pico_runtime_init/runtime_init.c.obj
                0x100019d0                runtime_init_spin_locks_reset
 .text.runtime_init_install_ram_vector_table
                0x100019d8       0x1c CMakeFiles/cap_template.dir/home/qaisalhindi/Documents/pico/w1part1/pico-sdk/src/rp2_common/pico_runtime_init/runtime_init.c.obj
                0x100019d8                runtime_init_install_ram_vector_table
 .text.runtime_init_clocks
                0x100019f4       0xd8 CMakeFiles/cap_template.dir/home/qaisalhindi/Documents/pico/w1part1/pico-sdk/src/rp2_common/pico_runtime_init/runtime_init_clocks.c.obj
                0x100019f4                runtime_init_clocks
 .text          0x10001acc       0x10 CMakeFiles/cap_template.dir/home/qaisalhindi/Documents/pico/w1part1/pico-sdk/src/rp2_common/pico_bit_ops/bit_ops_aeabi.S.obj
 .text.rom_func_lookup
                0x10001adc       0x10 CMakeFiles/cap_template.dir/home/qaisalhindi/Documents/pico/w1part1/pico-sdk/src/rp2_common/pico_bootrom/bootrom.c.obj
                0x10001adc                rom_func_lookup
 .text.rom_data_lookup
                0x10001aec       0x10 CMakeFiles/cap_template.dir/home/qaisalhindi/Documents/pico/w1part1/pico-sdk/src/rp2_common/pico_bootrom/bootrom.c.obj
                0x10001aec                rom_data_lookup
 .text.rom_funcs_lookup
                0x10001afc       0x44 CMakeFiles/cap_template.dir/home/qaisalhindi/Documents/pico/w1part1/pico-sdk/src/rp2_common/pico_bootrom/bootrom.c.obj
                0x10001afc                rom_funcs_lookup
 .text.rom_reset_usb_boot
                0x10001b40       0x20 CMakeFiles/cap_template.dir/home/qaisalhindi/Documents/pico/w1part1/pico-sdk/src/rp2_common/pico_bootrom/bootrom.c.obj
                0x10001b40                rom_reset_usb_boot
 .text.__wrap___aeabi_idiv
                0x10001b60       0x50 CMakeFiles/cap_template.dir/home/qaisalhindi/Documents/pico/w1part1/pico-sdk/src/rp2_common/pico_divider/divider_hardware.S.obj
                0x10001b60                __wrap___aeabi_idivmod
                0x10001b60                divmod_s32s32
                0x10001b60                div_s32s32
                0x10001b60                __wrap___aeabi_idiv
                0x10001b68                divmod_s32s32_unsafe
                0x10001b94                divmod_s32s32_savestate
 .text.__wrap___aeabi_uidiv
                0x10001bb0       0x4c CMakeFiles/cap_template.dir/home/qaisalhindi/Documents/pico/w1part1/pico-sdk/src/rp2_common/pico_divider/divider_hardware.S.obj
                0x10001bb0                __wrap___aeabi_uidiv
                0x10001bb0                __wrap___aeabi_uidivmod
                0x10001bb0                div_u32u32
                0x10001bb0                divmod_u32u32
                0x10001bb8                divmod_u32u32_unsafe
                0x10001be0                divmod_u32u32_savestate
 .text.__wrap___aeabi_ldiv
                0x10001bfc      0x424 CMakeFiles/cap_template.dir/home/qaisalhindi/Documents/pico/w1part1/pico-sdk/src/rp2_common/pico_divider/divider_hardware.S.obj
                0x10001bfc                div_s64s64
                0x10001bfc                divmod_s64s64
                0x10001bfc                __wrap___aeabi_ldivmod
                0x10001c2c                div_u64u64
                0x10001c2c                divmod_u64u64
                0x10001c2c                __wrap___aeabi_uldivmod
                0x10001c3c                divmod_u64u64_savestate
                0x10001c5c                divmod_s64s64_unsafe
                0x10001ce4                divmod_u64u64_unsafe
 .text.__wrap___aeabi_darithmetic
                0x10002020       0x80 CMakeFiles/cap_template.dir/home/qaisalhindi/Documents/pico/w1part1/pico-sdk/src/rp2_common/pico_double/double_aeabi_rp2040.S.obj
                0x10002020                __wrap___aeabi_drsub
                0x10002026                __wrap___aeabi_dsub
                0x10002038                __wrap___aeabi_dadd
                0x1000204a                __wrap___aeabi_ddiv
                0x10002086                __wrap___aeabi_dmul
 .text.__wrap___aeabi_cdcmple
                0x100020a0       0x6c CMakeFiles/cap_template.dir/home/qaisalhindi/Documents/pico/w1part1/pico-sdk/src/rp2_common/pico_double/double_aeabi_rp2040.S.obj
                0x100020a0                __wrap___aeabi_cdrcmple
                0x100020b0                __wrap___aeabi_cdcmple
                0x100020b0                __wrap___aeabi_cdcmpeq
 .text.__wrap___aeabi_dcmplt
                0x1000210c        0xc CMakeFiles/cap_template.dir/home/qaisalhindi/Documents/pico/w1part1/pico-sdk/src/rp2_common/pico_double/double_aeabi_rp2040.S.obj
                0x1000210c                __wrap___aeabi_dcmplt
 .text.__wrap___aeabi_dcmpge
                0x10002118       0x10 CMakeFiles/cap_template.dir/home/qaisalhindi/Documents/pico/w1part1/pico-sdk/src/rp2_common/pico_double/double_aeabi_rp2040.S.obj
                0x10002118                __wrap___aeabi_dcmpge
 .text.__wrap___aeabi_dcmpgt
                0x10002128        0xa CMakeFiles/cap_template.dir/home/qaisalhindi/Documents/pico/w1part1/pico-sdk/src/rp2_common/pico_double/double_aeabi_rp2040.S.obj
                0x10002128                __wrap___aeabi_dcmpgt
 .text.__wrap___aeabi_dcmpun
                0x10002132       0x18 CMakeFiles/cap_template.dir/home/qaisalhindi/Documents/pico/w1part1/pico-sdk/src/rp2_common/pico_double/double_aeabi_rp2040.S.obj
                0x10002132                __wrap___aeabi_dcmpun
 *fill*         0x1000214a        0x2 
 .text.__wrap___aeabi_i2d
                0x1000214c       0x38 CMakeFiles/cap_template.dir/home/qaisalhindi/Documents/pico/w1part1/pico-sdk/src/rp2_common/pico_double/double_aeabi_rp2040.S.obj
                0x1000214c                __wrap___aeabi_ui2d
                0x10002154                __wrap___aeabi_i2d
 .text.__wrap___aeabi_d2iz
                0x10002184       0x48 CMakeFiles/cap_template.dir/home/qaisalhindi/Documents/pico/w1part1/pico-sdk/src/rp2_common/pico_double/double_aeabi_rp2040.S.obj
                0x10002184                __wrap___aeabi_d2iz
                0x10002184                double2int_z
 .text.__wrap___aeabi_d2uiz
                0x100021cc       0x18 CMakeFiles/cap_template.dir/home/qaisalhindi/Documents/pico/w1part1/pico-sdk/src/rp2_common/pico_double/double_aeabi_rp2040.S.obj
                0x100021cc                double2uint
                0x100021cc                __wrap___aeabi_d2uiz
 .text.__aeabi_double_init
                0x100021e4       0xa4 CMakeFiles/cap_template.dir/home/qaisalhindi/Documents/pico/w1part1/pico-sdk/src/rp2_common/pico_double/double_init_rom_rp2040.c.obj
                0x100021e4                __aeabi_double_init
 .text.double_table_shim_on_use_helper
                0x10002288       0x2c CMakeFiles/cap_template.dir/home/qaisalhindi/Documents/pico/w1part1/pico-sdk/src/rp2_common/pico_double/double_v1_rom_shim_rp2040.S.obj
                0x10002288                double_table_shim_on_use_helper
 .text.__wrap___aeabi_dsub
                0x100022b4       0x10 CMakeFiles/cap_template.dir/home/qaisalhindi/Documents/pico/w1part1/pico-sdk/src/rp2_common/pico_double/double_v1_rom_shim_rp2040.S.obj
                0x100022b4                drsub_shim
                0x100022ba                dsub_shim
 .text.dadd_shim
                0x100022c4      0x15c CMakeFiles/cap_template.dir/home/qaisalhindi/Documents/pico/w1part1/pico-sdk/src/rp2_common/pico_double/double_v1_rom_shim_rp2040.S.obj
                0x100022c4                dadd_shim
 .text.dmul_shim
                0x10002420      0x15c CMakeFiles/cap_template.dir/home/qaisalhindi/Documents/pico/w1part1/pico-sdk/src/rp2_common/pico_double/double_v1_rom_shim_rp2040.S.obj
                0x10002420                dmul_shim
 .text.ddiv_shim
                0x1000257c      0x1b0 CMakeFiles/cap_template.dir/home/qaisalhindi/Documents/pico/w1part1/pico-sdk/src/rp2_common/pico_double/double_v1_rom_shim_rp2040.S.obj
                0x1000257c                ddiv_shim
 .text.double2uint_shim
                0x1000272c        0xe CMakeFiles/cap_template.dir/home/qaisalhindi/Documents/pico/w1part1/pico-sdk/src/rp2_common/pico_double/double_v1_rom_shim_rp2040.S.obj
                0x1000272c                double2uint_shim
                0x1000272e                double2ufix_shim
 *fill*         0x1000273a        0x2 
 .text.double2uint64_shim
                0x1000273c       0x70 CMakeFiles/cap_template.dir/home/qaisalhindi/Documents/pico/w1part1/pico-sdk/src/rp2_common/pico_double/double_v1_rom_shim_rp2040.S.obj
                0x1000273c                double2uint64_shim
                0x1000273e                double2ufix64_shim
                0x1000275e                d2fix_a
 .text.dunpacks
                0x100027ac       0x3c CMakeFiles/cap_template.dir/home/qaisalhindi/Documents/pico/w1part1/pico-sdk/src/rp2_common/pico_double/double_v1_rom_shim_rp2040.S.obj
                0x100027ac                dunpacks
 .text.__aeabi_lmul
                0x100027e8       0x32 CMakeFiles/cap_template.dir/home/qaisalhindi/Documents/pico/w1part1/pico-sdk/src/rp2_common/pico_int64_ops/pico_int64_ops_aeabi.S.obj
                0x100027e8                __wrap___aeabi_lmul
 *fill*         0x1000281a        0x2 
 .text.__aeabi_float_init
                0x1000281c       0x64 CMakeFiles/cap_template.dir/home/qaisalhindi/Documents/pico/w1part1/pico-sdk/src/rp2_common/pico_float/float_init_rom_rp2040.c.obj
                0x1000281c                __aeabi_float_init
 .text.float_table_shim_on_use_helper
                0x10002880       0x2c CMakeFiles/cap_template.dir/home/qaisalhindi/Documents/pico/w1part1/pico-sdk/src/rp2_common/pico_float/float_v1_rom_shim_rp2040.S.obj
                0x10002880                float_table_shim_on_use_helper
 .text          0x100028ac       0x10 CMakeFiles/cap_template.dir/home/qaisalhindi/Documents/pico/w1part1/pico-sdk/src/rp2_common/pico_mem_ops/mem_ops_aeabi.S.obj
                0x100028ac                __aeabi_mem_init
 .text.memset   0x100028bc        0xc CMakeFiles/cap_template.dir/home/qaisalhindi/Documents/pico/w1part1/pico-sdk/src/rp2_common/pico_mem_ops/mem_ops_aeabi.S.obj
                0x100028bc                __wrap_memset
 .text.memcpy   0x100028c8        0xc CMakeFiles/cap_template.dir/home/qaisalhindi/Documents/pico/w1part1/pico-sdk/src/rp2_common/pico_mem_ops/mem_ops_aeabi.S.obj
                0x100028c8                __wrap___aeabi_memcpy
                0x100028c8                __wrap_memcpy
 .text._out_null
                0x100028d4        0x4 CMakeFiles/cap_template.dir/home/qaisalhindi/Documents/pico/w1part1/pico-sdk/src/rp2_common/pico_printf/printf.c.obj
 .text._out_rev
                0x100028d8       0xac CMakeFiles/cap_template.dir/home/qaisalhindi/Documents/pico/w1part1/pico-sdk/src/rp2_common/pico_printf/printf.c.obj
 .text._ntoa_format
                0x10002984      0x250 CMakeFiles/cap_template.dir/home/qaisalhindi/Documents/pico/w1part1/pico-sdk/src/rp2_common/pico_printf/printf.c.obj
 .text._out_char
                0x10002bd4       0x10 CMakeFiles/cap_template.dir/home/qaisalhindi/Documents/pico/w1part1/pico-sdk/src/rp2_common/pico_printf/printf.c.obj
 .text._out_fct
                0x10002be4       0x10 CMakeFiles/cap_template.dir/home/qaisalhindi/Documents/pico/w1part1/pico-sdk/src/rp2_common/pico_printf/printf.c.obj
 .text._etoa    0x10002bf4      0x464 CMakeFiles/cap_template.dir/home/qaisalhindi/Documents/pico/w1part1/pico-sdk/src/rp2_common/pico_printf/printf.c.obj
 .text._ftoa    0x10003058      0x3c0 CMakeFiles/cap_template.dir/home/qaisalhindi/Documents/pico/w1part1/pico-sdk/src/rp2_common/pico_printf/printf.c.obj
 .text._vsnprintf
                0x10003418      0xbc8 CMakeFiles/cap_template.dir/home/qaisalhindi/Documents/pico/w1part1/pico-sdk/src/rp2_common/pico_printf/printf.c.obj
 .text.vfctprintf
                0x10003fe0       0x20 CMakeFiles/cap_template.dir/home/qaisalhindi/Documents/pico/w1part1/pico-sdk/src/rp2_common/pico_printf/printf.c.obj
                0x10003fe0                vfctprintf
 .text.weak_raw_vprintf
                0x10004000       0x30 CMakeFiles/cap_template.dir/home/qaisalhindi/Documents/pico/w1part1/pico-sdk/src/rp2_common/pico_printf/printf.c.obj
                0x10004000                weak_raw_vprintf
 .text._exit    0x10004030        0x4 CMakeFiles/cap_template.dir/home/qaisalhindi/Documents/pico/w1part1/pico-sdk/src/rp2_common/pico_clib_interface/newlib_interface.c.obj
                0x10004030                _exit
 .text.exit     0x10004034        0x8 CMakeFiles/cap_template.dir/home/qaisalhindi/Documents/pico/w1part1/pico-sdk/src/rp2_common/pico_clib_interface/newlib_interface.c.obj
                0x10004034                exit
 .text.runtime_init
                0x1000403c       0x2c CMakeFiles/cap_template.dir/home/qaisalhindi/Documents/pico/w1part1/pico-sdk/src/rp2_common/pico_clib_interface/newlib_interface.c.obj
                0x1000403c                runtime_init
 .text.stdio_out_chars_no_crlf
                0x10004068       0x10 CMakeFiles/cap_template.dir/home/qaisalhindi/Documents/pico/w1part1/pico-sdk/src/rp2_common/pico_stdio/stdio.c.obj
 .text.stdio_out_chars_crlf
                0x10004078       0x94 CMakeFiles/cap_template.dir/home/qaisalhindi/Documents/pico/w1part1/pico-sdk/src/rp2_common/pico_stdio/stdio.c.obj
 .text.stdio_buffered_printer
                0x1000410c       0x64 CMakeFiles/cap_template.dir/home/qaisalhindi/Documents/pico/w1part1/pico-sdk/src/rp2_common/pico_stdio/stdio.c.obj
 .text.stdio_put_string
                0x10004170      0x100 CMakeFiles/cap_template.dir/home/qaisalhindi/Documents/pico/w1part1/pico-sdk/src/rp2_common/pico_stdio/stdio.c.obj
                0x10004170                stdio_put_string
 .text.stdio_set_driver_enabled
                0x10004270       0x30 CMakeFiles/cap_template.dir/home/qaisalhindi/Documents/pico/w1part1/pico-sdk/src/rp2_common/pico_stdio/stdio.c.obj
                0x10004270                stdio_set_driver_enabled
 .text.stdio_init_all
                0x100042a0        0x8 CMakeFiles/cap_template.dir/home/qaisalhindi/Documents/pico/w1part1/pico-sdk/src/rp2_common/pico_stdio/stdio.c.obj
                0x100042a0                stdio_init_all
 .text.__wrap_getchar
                0x100042a8       0x7c CMakeFiles/cap_template.dir/home/qaisalhindi/Documents/pico/w1part1/pico-sdk/src/rp2_common/pico_stdio/stdio.c.obj
                0x100042a8                __wrap_getchar
                0x100042a8                stdio_getchar
 .text.__wrap_putchar
                0x10004324       0x98 CMakeFiles/cap_template.dir/home/qaisalhindi/Documents/pico/w1part1/pico-sdk/src/rp2_common/pico_stdio/stdio.c.obj
                0x10004324                stdio_putchar
                0x10004324                __wrap_putchar
 .text.__wrap_puts
                0x100043bc       0x3c CMakeFiles/cap_template.dir/home/qaisalhindi/Documents/pico/w1part1/pico-sdk/src/rp2_common/pico_stdio/stdio.c.obj
                0x100043bc                __wrap_puts
                0x100043bc                stdio_puts
 .text.__wrap_vprintf
                0x100043f8       0xd4 CMakeFiles/cap_template.dir/home/qaisalhindi/Documents/pico/w1part1/pico-sdk/src/rp2_common/pico_stdio/stdio.c.obj
                0x100043f8                __wrap_vprintf
                0x100043f8                stdio_vprintf
 .text.__wrap_printf
                0x100044cc       0x18 CMakeFiles/cap_template.dir/home/qaisalhindi/Documents/pico/w1part1/pico-sdk/src/rp2_common/pico_stdio/stdio.c.obj
                0x100044cc                stdio_printf
                0x100044cc                __wrap_printf
 .text.resetd_init
                0x100044e4        0x4 CMakeFiles/cap_template.dir/home/qaisalhindi/Documents/pico/w1part1/pico-sdk/src/rp2_common/pico_stdio_usb/reset_interface.c.obj
 .text.resetd_reset
                0x100044e8        0xc CMakeFiles/cap_template.dir/home/qaisalhindi/Documents/pico/w1part1/pico-sdk/src/rp2_common/pico_stdio_usb/reset_interface.c.obj
 .text.resetd_open
                0x100044f4       0x28 CMakeFiles/cap_template.dir/home/qaisalhindi/Documents/pico/w1part1/pico-sdk/src/rp2_common/pico_stdio_usb/reset_interface.c.obj
 .text.resetd_xfer_cb
                0x1000451c        0x4 CMakeFiles/cap_template.dir/home/qaisalhindi/Documents/pico/w1part1/pico-sdk/src/rp2_common/pico_stdio_usb/reset_interface.c.obj
 .text.resetd_control_xfer_cb
                0x10004520       0x54 CMakeFiles/cap_template.dir/home/qaisalhindi/Documents/pico/w1part1/pico-sdk/src/rp2_common/pico_stdio_usb/reset_interface.c.obj
 .text.tud_descriptor_bos_cb
                0x10004574        0x8 CMakeFiles/cap_template.dir/home/qaisalhindi/Documents/pico/w1part1/pico-sdk/src/rp2_common/pico_stdio_usb/reset_interface.c.obj
                0x10004574                tud_descriptor_bos_cb
 .text.tud_vendor_control_xfer_cb
                0x1000457c       0x34 CMakeFiles/cap_template.dir/home/qaisalhindi/Documents/pico/w1part1/pico-sdk/src/rp2_common/pico_stdio_usb/reset_interface.c.obj
                0x1000457c                tud_vendor_control_xfer_cb
 .text.usbd_app_driver_get_cb
                0x100045b0        0xc CMakeFiles/cap_template.dir/home/qaisalhindi/Documents/pico/w1part1/pico-sdk/src/rp2_common/pico_stdio_usb/reset_interface.c.obj
                0x100045b0                usbd_app_driver_get_cb
 .text.tud_cdc_line_coding_cb
                0x100045bc       0x28 CMakeFiles/cap_template.dir/home/qaisalhindi/Documents/pico/w1part1/pico-sdk/src/rp2_common/pico_stdio_usb/reset_interface.c.obj
                0x100045bc                tud_cdc_line_coding_cb
 .text.stdio_usb_set_chars_available_callback
                0x100045e4       0x14 CMakeFiles/cap_template.dir/home/qaisalhindi/Documents/pico/w1part1/pico-sdk/src/rp2_common/pico_stdio_usb/stdio_usb.c.obj
                0x100045e4                stdio_usb_set_chars_available_callback
 .text.usb_irq  0x100045f8       0x10 CMakeFiles/cap_template.dir/home/qaisalhindi/Documents/pico/w1part1/pico-sdk/src/rp2_common/pico_stdio_usb/stdio_usb.c.obj
 .text.timer_task
                0x10004608       0x64 CMakeFiles/cap_template.dir/home/qaisalhindi/Documents/pico/w1part1/pico-sdk/src/rp2_common/pico_stdio_usb/stdio_usb.c.obj
 .text.stdio_usb_in_chars
                0x1000466c       0x90 CMakeFiles/cap_template.dir/home/qaisalhindi/Documents/pico/w1part1/pico-sdk/src/rp2_common/pico_stdio_usb/stdio_usb.c.obj
                0x1000466c                stdio_usb_in_chars
 .text.stdio_usb_out_flush
                0x100046fc       0x50 CMakeFiles/cap_template.dir/home/qaisalhindi/Documents/pico/w1part1/pico-sdk/src/rp2_common/pico_stdio_usb/stdio_usb.c.obj
 .text.stdio_usb_out_chars
                0x1000474c      0x104 CMakeFiles/cap_template.dir/home/qaisalhindi/Documents/pico/w1part1/pico-sdk/src/rp2_common/pico_stdio_usb/stdio_usb.c.obj
 .text.low_priority_worker_irq
                0x10004850       0xcc CMakeFiles/cap_template.dir/home/qaisalhindi/Documents/pico/w1part1/pico-sdk/src/rp2_common/pico_stdio_usb/stdio_usb.c.obj
 .text.stdio_usb_init
                0x1000491c       0xe8 CMakeFiles/cap_template.dir/home/qaisalhindi/Documents/pico/w1part1/pico-sdk/src/rp2_common/pico_stdio_usb/stdio_usb.c.obj
                0x1000491c                stdio_usb_init
 .text.stdio_usb_connected
                0x10004a04        0xc CMakeFiles/cap_template.dir/home/qaisalhindi/Documents/pico/w1part1/pico-sdk/src/rp2_common/pico_stdio_usb/stdio_usb.c.obj
                0x10004a04                stdio_usb_connected
 .text.tud_descriptor_device_cb
                0x10004a10        0x8 CMakeFiles/cap_template.dir/home/qaisalhindi/Documents/pico/w1part1/pico-sdk/src/rp2_common/pico_stdio_usb/stdio_usb_descriptors.c.obj
                0x10004a10                tud_descriptor_device_cb
 .text.tud_descriptor_configuration_cb
                0x10004a18        0x8 CMakeFiles/cap_template.dir/home/qaisalhindi/Documents/pico/w1part1/pico-sdk/src/rp2_common/pico_stdio_usb/stdio_usb_descriptors.c.obj
                0x10004a18                tud_descriptor_configuration_cb
 .text.tud_descriptor_string_cb
                0x10004a20       0x78 CMakeFiles/cap_template.dir/home/qaisalhindi/Documents/pico/w1part1/pico-sdk/src/rp2_common/pico_stdio_usb/stdio_usb_descriptors.c.obj
                0x10004a20                tud_descriptor_string_cb
 .text.startup._retrieve_unique_id_on_boot
                0x10004a98       0x10 CMakeFiles/cap_template.dir/home/qaisalhindi/Documents/pico/w1part1/pico-sdk/src/rp2_common/pico_unique_id/unique_id.c.obj
 .text.pico_get_unique_board_id_string
                0x10004aa8      0x1a8 CMakeFiles/cap_template.dir/home/qaisalhindi/Documents/pico/w1part1/pico-sdk/src/rp2_common/pico_unique_id/unique_id.c.obj
                0x10004aa8                pico_get_unique_board_id_string
 .text.flash_get_unique_id
                0x10004c50       0x3c CMakeFiles/cap_template.dir/home/qaisalhindi/Documents/pico/w1part1/pico-sdk/src/rp2_common/hardware_flash/flash.c.obj
                0x10004c50                flash_get_unique_id
 .text.dcd_init
                0x10004c8c       0x8c CMakeFiles/cap_template.dir/home/qaisalhindi/Documents/pico/w1part1/pico-sdk/lib/tinyusb/src/portable/raspberrypi/rp2040/dcd_rp2040.c.obj
                0x10004c8c                dcd_init
 .text.dcd_int_enable
                0x10004d18        0xc CMakeFiles/cap_template.dir/home/qaisalhindi/Documents/pico/w1part1/pico-sdk/lib/tinyusb/src/portable/raspberrypi/rp2040/dcd_rp2040.c.obj
                0x10004d18                dcd_int_enable
 .text.dcd_set_address
                0x10004d24       0x14 CMakeFiles/cap_template.dir/home/qaisalhindi/Documents/pico/w1part1/pico-sdk/lib/tinyusb/src/portable/raspberrypi/rp2040/dcd_rp2040.c.obj
                0x10004d24                dcd_set_address
 .text.dcd_sof_enable
                0x10004d38       0x1c CMakeFiles/cap_template.dir/home/qaisalhindi/Documents/pico/w1part1/pico-sdk/lib/tinyusb/src/portable/raspberrypi/rp2040/dcd_rp2040.c.obj
                0x10004d38                dcd_sof_enable
 .text.dcd_edpt0_status_complete
                0x10004d54       0x1c CMakeFiles/cap_template.dir/home/qaisalhindi/Documents/pico/w1part1/pico-sdk/lib/tinyusb/src/portable/raspberrypi/rp2040/dcd_rp2040.c.obj
                0x10004d54                dcd_edpt0_status_complete
 .text.dcd_edpt_open
                0x10004d70      0x108 CMakeFiles/cap_template.dir/home/qaisalhindi/Documents/pico/w1part1/pico-sdk/lib/tinyusb/src/portable/raspberrypi/rp2040/dcd_rp2040.c.obj
                0x10004d70                dcd_edpt_open
 .text.dcd_edpt_close_all
                0x10004e78        0x8 CMakeFiles/cap_template.dir/home/qaisalhindi/Documents/pico/w1part1/pico-sdk/lib/tinyusb/src/portable/raspberrypi/rp2040/dcd_rp2040.c.obj
                0x10004e78                dcd_edpt_close_all
 .text.dcd_edpt_xfer
                0x10004e80       0x24 CMakeFiles/cap_template.dir/home/qaisalhindi/Documents/pico/w1part1/pico-sdk/lib/tinyusb/src/portable/raspberrypi/rp2040/dcd_rp2040.c.obj
                0x10004e80                dcd_edpt_xfer
 .text.dcd_edpt_stall
                0x10004ea4       0x34 CMakeFiles/cap_template.dir/home/qaisalhindi/Documents/pico/w1part1/pico-sdk/lib/tinyusb/src/portable/raspberrypi/rp2040/dcd_rp2040.c.obj
                0x10004ea4                dcd_edpt_stall
 .text.dcd_edpt_clear_stall
                0x10004ed8       0x30 CMakeFiles/cap_template.dir/home/qaisalhindi/Documents/pico/w1part1/pico-sdk/lib/tinyusb/src/portable/raspberrypi/rp2040/dcd_rp2040.c.obj
                0x10004ed8                dcd_edpt_clear_stall
 .text.rp2040_usb_init
                0x10004f08       0x40 CMakeFiles/cap_template.dir/home/qaisalhindi/Documents/pico/w1part1/pico-sdk/lib/tinyusb/src/portable/raspberrypi/rp2040/rp2040_usb.c.obj
                0x10004f08                rp2040_usb_init
 .text.hw_endpoint_xfer_start
                0x10004f48       0x40 CMakeFiles/cap_template.dir/home/qaisalhindi/Documents/pico/w1part1/pico-sdk/lib/tinyusb/src/portable/raspberrypi/rp2040/rp2040_usb.c.obj
                0x10004f48                hw_endpoint_xfer_start
 .text.tud_event_hook_cb
                0x10004f88        0x4 CMakeFiles/cap_template.dir/home/qaisalhindi/Documents/pico/w1part1/pico-sdk/lib/tinyusb/src/device/usbd.c.obj
                0x10004f88                tud_event_hook_cb
 .text.tud_sof_cb
                0x10004f8c        0x4 CMakeFiles/cap_template.dir/home/qaisalhindi/Documents/pico/w1part1/pico-sdk/lib/tinyusb/src/device/usbd.c.obj
                0x10004f8c                tud_sof_cb
 .text.tud_descriptor_device_qualifier_cb
                0x10004f90        0x4 CMakeFiles/cap_template.dir/home/qaisalhindi/Documents/pico/w1part1/pico-sdk/lib/tinyusb/src/device/usbd.c.obj
                0x10004f90                tud_descriptor_device_qualifier_cb
 .text.tud_descriptor_other_speed_configuration_cb
                0x10004f94        0x4 CMakeFiles/cap_template.dir/home/qaisalhindi/Documents/pico/w1part1/pico-sdk/lib/tinyusb/src/device/usbd.c.obj
                0x10004f94                tud_descriptor_other_speed_configuration_cb
 .text.tud_mount_cb
                0x10004f98        0x4 CMakeFiles/cap_template.dir/home/qaisalhindi/Documents/pico/w1part1/pico-sdk/lib/tinyusb/src/device/usbd.c.obj
                0x10004f98                tud_mount_cb
 .text.tud_umount_cb
                0x10004f9c        0x4 CMakeFiles/cap_template.dir/home/qaisalhindi/Documents/pico/w1part1/pico-sdk/lib/tinyusb/src/device/usbd.c.obj
                0x10004f9c                tud_umount_cb
 .text.tud_suspend_cb
                0x10004fa0        0x4 CMakeFiles/cap_template.dir/home/qaisalhindi/Documents/pico/w1part1/pico-sdk/lib/tinyusb/src/device/usbd.c.obj
                0x10004fa0                tud_suspend_cb
 .text.tud_resume_cb
                0x10004fa4        0x4 CMakeFiles/cap_template.dir/home/qaisalhindi/Documents/pico/w1part1/pico-sdk/lib/tinyusb/src/device/usbd.c.obj
                0x10004fa4                tud_resume_cb
 .text.tud_mounted
                0x10004fa8       0x10 CMakeFiles/cap_template.dir/home/qaisalhindi/Documents/pico/w1part1/pico-sdk/lib/tinyusb/src/device/usbd.c.obj
                0x10004fa8                tud_mounted
 .text.tud_suspended
                0x10004fb8       0x10 CMakeFiles/cap_template.dir/home/qaisalhindi/Documents/pico/w1part1/pico-sdk/lib/tinyusb/src/device/usbd.c.obj
                0x10004fb8                tud_suspended
 .text.tud_init
                0x10004fc8       0xe4 CMakeFiles/cap_template.dir/home/qaisalhindi/Documents/pico/w1part1/pico-sdk/lib/tinyusb/src/device/usbd.c.obj
                0x10004fc8                tud_init
 .text.tud_task_ext
                0x100050ac      0x800 CMakeFiles/cap_template.dir/home/qaisalhindi/Documents/pico/w1part1/pico-sdk/lib/tinyusb/src/device/usbd.c.obj
                0x100050ac                tud_task_ext
 .text.usbd_open_edpt_pair
                0x100058ac       0x9c CMakeFiles/cap_template.dir/home/qaisalhindi/Documents/pico/w1part1/pico-sdk/lib/tinyusb/src/device/usbd.c.obj
                0x100058ac                usbd_open_edpt_pair
 .text.usbd_edpt_open
                0x10005948       0x34 CMakeFiles/cap_template.dir/home/qaisalhindi/Documents/pico/w1part1/pico-sdk/lib/tinyusb/src/device/usbd.c.obj
                0x10005948                usbd_edpt_open
 .text.usbd_edpt_claim
                0x1000597c       0x28 CMakeFiles/cap_template.dir/home/qaisalhindi/Documents/pico/w1part1/pico-sdk/lib/tinyusb/src/device/usbd.c.obj
                0x1000597c                usbd_edpt_claim
 .text.usbd_edpt_release
                0x100059a4       0x28 CMakeFiles/cap_template.dir/home/qaisalhindi/Documents/pico/w1part1/pico-sdk/lib/tinyusb/src/device/usbd.c.obj
                0x100059a4                usbd_edpt_release
 .text.usbd_edpt_xfer
                0x100059cc       0x4c CMakeFiles/cap_template.dir/home/qaisalhindi/Documents/pico/w1part1/pico-sdk/lib/tinyusb/src/device/usbd.c.obj
                0x100059cc                usbd_edpt_xfer
 .text.tud_control_status
                0x10005a18       0x2c CMakeFiles/cap_template.dir/home/qaisalhindi/Documents/pico/w1part1/pico-sdk/lib/tinyusb/src/device/usbd_control.c.obj
                0x10005a18                tud_control_status
 .text.tud_control_xfer
                0x10005a44       0xac CMakeFiles/cap_template.dir/home/qaisalhindi/Documents/pico/w1part1/pico-sdk/lib/tinyusb/src/device/usbd_control.c.obj
                0x10005a44                tud_control_xfer
 .text.usbd_control_reset
                0x10005af0       0x14 CMakeFiles/cap_template.dir/home/qaisalhindi/Documents/pico/w1part1/pico-sdk/lib/tinyusb/src/device/usbd_control.c.obj
                0x10005af0                usbd_control_reset
 .text.usbd_control_set_complete_callback
                0x10005b04        0xc CMakeFiles/cap_template.dir/home/qaisalhindi/Documents/pico/w1part1/pico-sdk/lib/tinyusb/src/device/usbd_control.c.obj
                0x10005b04                usbd_control_set_complete_callback
 .text.usbd_control_set_request
                0x10005b10       0x1c CMakeFiles/cap_template.dir/home/qaisalhindi/Documents/pico/w1part1/pico-sdk/lib/tinyusb/src/device/usbd_control.c.obj
                0x10005b10                usbd_control_set_request
 .text.usbd_control_xfer_cb
                0x10005b2c       0xec CMakeFiles/cap_template.dir/home/qaisalhindi/Documents/pico/w1part1/pico-sdk/lib/tinyusb/src/device/usbd_control.c.obj
                0x10005b2c                usbd_control_xfer_cb
 .text._prep_out_transaction.isra.0
                0x10005c18       0x5c CMakeFiles/cap_template.dir/home/qaisalhindi/Documents/pico/w1part1/pico-sdk/lib/tinyusb/src/class/cdc/cdc_device.c.obj
 .text.tud_cdc_n_connected
                0x10005c74       0x30 CMakeFiles/cap_template.dir/home/qaisalhindi/Documents/pico/w1part1/pico-sdk/lib/tinyusb/src/class/cdc/cdc_device.c.obj
                0x10005c74                tud_cdc_n_connected
 .text.tud_cdc_n_available
                0x10005ca4       0x18 CMakeFiles/cap_template.dir/home/qaisalhindi/Documents/pico/w1part1/pico-sdk/lib/tinyusb/src/class/cdc/cdc_device.c.obj
                0x10005ca4                tud_cdc_n_available
 .text.tud_cdc_n_read
                0x10005cbc       0x98 CMakeFiles/cap_template.dir/home/qaisalhindi/Documents/pico/w1part1/pico-sdk/lib/tinyusb/src/class/cdc/cdc_device.c.obj
                0x10005cbc                tud_cdc_n_read
 .text.tud_cdc_n_write_flush
                0x10005d54       0x78 CMakeFiles/cap_template.dir/home/qaisalhindi/Documents/pico/w1part1/pico-sdk/lib/tinyusb/src/class/cdc/cdc_device.c.obj
                0x10005d54                tud_cdc_n_write_flush
 .text.tud_cdc_n_write
                0x10005dcc       0x40 CMakeFiles/cap_template.dir/home/qaisalhindi/Documents/pico/w1part1/pico-sdk/lib/tinyusb/src/class/cdc/cdc_device.c.obj
                0x10005dcc                tud_cdc_n_write
 .text.tud_cdc_n_write_available
                0x10005e0c       0x18 CMakeFiles/cap_template.dir/home/qaisalhindi/Documents/pico/w1part1/pico-sdk/lib/tinyusb/src/class/cdc/cdc_device.c.obj
                0x10005e0c                tud_cdc_n_write_available
 .text.cdcd_init
                0x10005e24       0x7c CMakeFiles/cap_template.dir/home/qaisalhindi/Documents/pico/w1part1/pico-sdk/lib/tinyusb/src/class/cdc/cdc_device.c.obj
                0x10005e24                cdcd_init
 .text.cdcd_deinit
                0x10005ea0       0x34 CMakeFiles/cap_template.dir/home/qaisalhindi/Documents/pico/w1part1/pico-sdk/lib/tinyusb/src/class/cdc/cdc_device.c.obj
                0x10005ea0                cdcd_deinit
 .text.cdcd_reset
                0x10005ed4       0x4c CMakeFiles/cap_template.dir/home/qaisalhindi/Documents/pico/w1part1/pico-sdk/lib/tinyusb/src/class/cdc/cdc_device.c.obj
                0x10005ed4                cdcd_reset
 .text.cdcd_open
                0x10005f20       0xb0 CMakeFiles/cap_template.dir/home/qaisalhindi/Documents/pico/w1part1/pico-sdk/lib/tinyusb/src/class/cdc/cdc_device.c.obj
                0x10005f20                cdcd_open
 .text.cdcd_control_xfer_cb
                0x10005fd0       0xe4 CMakeFiles/cap_template.dir/home/qaisalhindi/Documents/pico/w1part1/pico-sdk/lib/tinyusb/src/class/cdc/cdc_device.c.obj
                0x10005fd0                cdcd_control_xfer_cb
 .text.cdcd_xfer_cb
                0x100060b4      0x100 CMakeFiles/cap_template.dir/home/qaisalhindi/Documents/pico/w1part1/pico-sdk/lib/tinyusb/src/class/cdc/cdc_device.c.obj
                0x100060b4                cdcd_xfer_cb
 .text.tud_vendor_n_write_flush
                0x100061b4       0x78 CMakeFiles/cap_template.dir/home/qaisalhindi/Documents/pico/w1part1/pico-sdk/lib/tinyusb/src/class/vendor/vendor_device.c.obj
                0x100061b4                tud_vendor_n_write_flush
 .text.vendord_init
                0x1000622c       0x64 CMakeFiles/cap_template.dir/home/qaisalhindi/Documents/pico/w1part1/pico-sdk/lib/tinyusb/src/class/vendor/vendor_device.c.obj
                0x1000622c                vendord_init
 .text.vendord_deinit
                0x10006290       0x34 CMakeFiles/cap_template.dir/home/qaisalhindi/Documents/pico/w1part1/pico-sdk/lib/tinyusb/src/class/vendor/vendor_device.c.obj
                0x10006290                vendord_deinit
 .text.vendord_reset
                0x100062c4       0x1c CMakeFiles/cap_template.dir/home/qaisalhindi/Documents/pico/w1part1/pico-sdk/lib/tinyusb/src/class/vendor/vendor_device.c.obj
                0x100062c4                vendord_reset
 .text.vendord_open
                0x100062e0       0xd8 CMakeFiles/cap_template.dir/home/qaisalhindi/Documents/pico/w1part1/pico-sdk/lib/tinyusb/src/class/vendor/vendor_device.c.obj
                0x100062e0                vendord_open
 .text.vendord_xfer_cb
                0x100063b8       0xc8 CMakeFiles/cap_template.dir/home/qaisalhindi/Documents/pico/w1part1/pico-sdk/lib/tinyusb/src/class/vendor/vendor_device.c.obj
                0x100063b8                vendord_xfer_cb
 .text.tusb_init
                0x10006480        0xc CMakeFiles/cap_template.dir/home/qaisalhindi/Documents/pico/w1part1/pico-sdk/lib/tinyusb/src/tusb.c.obj
                0x10006480                tusb_init
 .text.tu_edpt_claim
                0x1000648c       0x50 CMakeFiles/cap_template.dir/home/qaisalhindi/Documents/pico/w1part1/pico-sdk/lib/tinyusb/src/tusb.c.obj
                0x1000648c                tu_edpt_claim
 .text.tu_edpt_release
                0x100064dc       0x38 CMakeFiles/cap_template.dir/home/qaisalhindi/Documents/pico/w1part1/pico-sdk/lib/tinyusb/src/tusb.c.obj
                0x100064dc                tu_edpt_release
 .text.tu_edpt_validate
                0x10006514       0x7c CMakeFiles/cap_template.dir/home/qaisalhindi/Documents/pico/w1part1/pico-sdk/lib/tinyusb/src/tusb.c.obj
                0x10006514                tu_edpt_validate
 .text.tu_edpt_bind_driver
                0x10006590       0x34 CMakeFiles/cap_template.dir/home/qaisalhindi/Documents/pico/w1part1/pico-sdk/lib/tinyusb/src/tusb.c.obj
                0x10006590                tu_edpt_bind_driver
 .text.tu_fifo_config
                0x100065c4       0x6c CMakeFiles/cap_template.dir/home/qaisalhindi/Documents/pico/w1part1/pico-sdk/lib/tinyusb/src/common/tusb_fifo.c.obj
                0x100065c4                tu_fifo_config
 .text.tu_fifo_count
                0x10006630       0x2c CMakeFiles/cap_template.dir/home/qaisalhindi/Documents/pico/w1part1/pico-sdk/lib/tinyusb/src/common/tusb_fifo.c.obj
                0x10006630                tu_fifo_count
 .text.tu_fifo_empty
                0x1000665c       0x10 CMakeFiles/cap_template.dir/home/qaisalhindi/Documents/pico/w1part1/pico-sdk/lib/tinyusb/src/common/tusb_fifo.c.obj
                0x1000665c                tu_fifo_empty
 .text.tu_fifo_remaining
                0x1000666c       0x2c CMakeFiles/cap_template.dir/home/qaisalhindi/Documents/pico/w1part1/pico-sdk/lib/tinyusb/src/common/tusb_fifo.c.obj
                0x1000666c                tu_fifo_remaining
 .text.tu_fifo_read
                0x10006698       0x9c CMakeFiles/cap_template.dir/home/qaisalhindi/Documents/pico/w1part1/pico-sdk/lib/tinyusb/src/common/tusb_fifo.c.obj
                0x10006698                tu_fifo_read
 .text.tu_fifo_read_n
                0x10006734       0xe8 CMakeFiles/cap_template.dir/home/qaisalhindi/Documents/pico/w1part1/pico-sdk/lib/tinyusb/src/common/tusb_fifo.c.obj
                0x10006734                tu_fifo_read_n
 .text.tu_fifo_write
                0x1000681c       0xa8 CMakeFiles/cap_template.dir/home/qaisalhindi/Documents/pico/w1part1/pico-sdk/lib/tinyusb/src/common/tusb_fifo.c.obj
                0x1000681c                tu_fifo_write
 .text.tu_fifo_write_n
                0x100068c4      0x178 CMakeFiles/cap_template.dir/home/qaisalhindi/Documents/pico/w1part1/pico-sdk/lib/tinyusb/src/common/tusb_fifo.c.obj
                0x100068c4                tu_fifo_write_n
 .text.tu_fifo_clear
                0x10006a3c       0x40 CMakeFiles/cap_template.dir/home/qaisalhindi/Documents/pico/w1part1/pico-sdk/lib/tinyusb/src/common/tusb_fifo.c.obj
                0x10006a3c                tu_fifo_clear
 .text.tu_fifo_set_overwritable
                0x10006a7c       0x48 CMakeFiles/cap_template.dir/home/qaisalhindi/Documents/pico/w1part1/pico-sdk/lib/tinyusb/src/common/tusb_fifo.c.obj
                0x10006a7c                tu_fifo_set_overwritable
 .text          0x10006ac4       0x14 /usr/lib/gcc/arm-none-eabi/13.2.1/../../../arm-none-eabi/lib/thumb/v6-m/nofp/libg.a(libc_a-strtok.o)
                0x10006ac4                strtok
 .text          0x10006ad8       0x88 /usr/lib/gcc/arm-none-eabi/13.2.1/../../../arm-none-eabi/lib/thumb/v6-m/nofp/libg.a(libc_a-strcmp.o)
                0x10006ad8                strcmp
 .text          0x10006b60       0x70 /usr/lib/gcc/arm-none-eabi/13.2.1/../../../arm-none-eabi/lib/thumb/v6-m/nofp/libg.a(libc_a-strtok_r.o)
                0x10006b60                __strtok_r
                0x10006bc4                strtok_r
 .text          0x10006bd0       0x18 /usr/lib/gcc/arm-none-eabi/13.2.1/../../../arm-none-eabi/lib/thumb/v6-m/nofp/libg.a(libc_a-atoi.o)
                0x10006bd0                atoi
                0x10006bdc                _atoi_r
 .text          0x10006be8      0x190 /usr/lib/gcc/arm-none-eabi/13.2.1/../../../arm-none-eabi/lib/thumb/v6-m/nofp/libg.a(libc_a-strtol.o)
                0x10006d40                _strtol_r
                0x10006d48                strtol_l
                0x10006d60                strtol
 .text          0x10006d78       0x10 /usr/lib/gcc/arm-none-eabi/13.2.1/../../../arm-none-eabi/lib/thumb/v6-m/nofp/libg.a(libc_a-atexit.o)
                0x10006d78                atexit
 .text          0x10006d88       0x5c /usr/lib/gcc/arm-none-eabi/13.2.1/../../../arm-none-eabi/lib/thumb/v6-m/nofp/libg.a(libc_a-strlen-stub.o)
                0x10006d88                strlen
 .text          0x10006de4       0x28 /usr/lib/gcc/arm-none-eabi/13.2.1/../../../arm-none-eabi/lib/thumb/v6-m/nofp/libg.a(libc_a-fini.o)
                0x10006de4                __libc_fini_array
 .text          0x10006e0c        0xc /usr/lib/gcc/arm-none-eabi/13.2.1/../../../arm-none-eabi/lib/thumb/v6-m/nofp/libg.a(libc_a-errno.o)
                0x10006e0c                __errno
 .text          0x10006e18       0x78 /usr/lib/gcc/arm-none-eabi/13.2.1/../../../arm-none-eabi/lib/thumb/v6-m/nofp/libg.a(libc_a-__atexit.o)
                0x10006e18                __register_exitproc
 .text.startup  0x10006e90       0x18 /usr/lib/gcc/arm-none-eabi/13.2.1/../../../arm-none-eabi/lib/thumb/v6-m/nofp/libg.a(libc_a-__call_atexit.o)
 *(.fini)
 .fini          0x10006ea8        0x4 /usr/lib/gcc/arm-none-eabi/13.2.1/thumb/v6-m/nofp/crti.o
                0x10006ea8                _fini
 *fill*         0x10006eac        0x4 
 .fini.__stub   0x10006eb0       0xe0 linker stubs
 *crtbegin.o(.ctors)
 *crtbegin?.o(.ctors)
 *(EXCLUDE_FILE(*crtend.o *crtend?.o) .ctors)
 *(SORT_BY_NAME(.ctors.*))
 *(.ctors)
 *crtbegin.o(.dtors)
 *crtbegin?.o(.dtors)
 *(EXCLUDE_FILE(*crtend.o *crtend?.o) .dtors)
 *(SORT_BY_NAME(.dtors.*))
 *(.dtors)
                0x10006f90                        . = ALIGN (0x4)
                0x10006f90                        PROVIDE (__preinit_array_start = .)
 *(SORT_BY_NAME(.preinit_array.*))
 .preinit_array.00100
                0x10006f90        0x4 CMakeFiles/cap_template.dir/home/qaisalhindi/Documents/pico/w1part1/pico-sdk/src/rp2_common/pico_runtime_init/runtime_init.c.obj
                0x10006f90                __pre_init_runtime_init_early_resets
 .preinit_array.00101
                0x10006f94        0x4 CMakeFiles/cap_template.dir/home/qaisalhindi/Documents/pico/w1part1/pico-sdk/src/rp2_common/pico_runtime_init/runtime_init.c.obj
                0x10006f94                __pre_init_runtime_init_usb_power_down
 .preinit_array.00275
                0x10006f98        0x4 CMakeFiles/cap_template.dir/home/qaisalhindi/Documents/pico/w1part1/pico-sdk/src/rp2_common/pico_bit_ops/bit_ops_aeabi.S.obj
 .preinit_array.00300
                0x10006f9c        0x4 CMakeFiles/cap_template.dir/home/qaisalhindi/Documents/pico/w1part1/pico-sdk/src/rp2_common/pico_mem_ops/mem_ops_aeabi.S.obj
 .preinit_array.00350
                0x10006fa0        0x4 CMakeFiles/cap_template.dir/home/qaisalhindi/Documents/pico/w1part1/pico-sdk/src/rp2_common/pico_double/double_aeabi_rp2040.S.obj
 .preinit_array.00350
                0x10006fa4        0x4 CMakeFiles/cap_template.dir/home/qaisalhindi/Documents/pico/w1part1/pico-sdk/src/rp2_common/pico_float/float_aeabi_rp2040.S.obj
 .preinit_array.00500
                0x10006fa8        0x4 CMakeFiles/cap_template.dir/home/qaisalhindi/Documents/pico/w1part1/pico-sdk/src/rp2_common/pico_runtime_init/runtime_init.c.obj
                0x10006fa8                __pre_init_runtime_init_clocks
 .preinit_array.00600
                0x10006fac        0x4 CMakeFiles/cap_template.dir/home/qaisalhindi/Documents/pico/w1part1/pico-sdk/src/rp2_common/pico_runtime_init/runtime_init.c.obj
                0x10006fac                __pre_init_runtime_init_post_clock_resets
 .preinit_array.00700
                0x10006fb0        0x4 CMakeFiles/cap_template.dir/home/qaisalhindi/Documents/pico/w1part1/pico-sdk/src/rp2_common/pico_runtime_init/runtime_init.c.obj
                0x10006fb0                __pre_init_runtime_init_rp2040_gpio_ie_disable
 .preinit_array.01000
                0x10006fb4        0x4 CMakeFiles/cap_template.dir/home/qaisalhindi/Documents/pico/w1part1/pico-sdk/src/rp2_common/pico_runtime_init/runtime_init.c.obj
                0x10006fb4                __pre_init_runtime_init_spin_locks_reset
 .preinit_array.01100
                0x10006fb8        0x4 CMakeFiles/cap_template.dir/home/qaisalhindi/Documents/pico/w1part1/pico-sdk/src/common/pico_sync/mutex.c.obj
                0x10006fb8                __pre_init_runtime_init_mutex
 .preinit_array.10080
                0x10006fbc        0x4 CMakeFiles/cap_template.dir/home/qaisalhindi/Documents/pico/w1part1/pico-sdk/src/rp2_common/pico_runtime_init/runtime_init.c.obj
                0x10006fbc                __pre_init_runtime_init_install_ram_vector_table
 .preinit_array.11000
                0x10006fc0        0x4 CMakeFiles/cap_template.dir/home/qaisalhindi/Documents/pico/w1part1/pico-sdk/src/common/pico_time/time.c.obj
                0x10006fc0                __pre_init_runtime_init_default_alarm_pool
 .preinit_array.YYYYY
                0x10006fc4        0x4 CMakeFiles/cap_template.dir/home/qaisalhindi/Documents/pico/w1part1/pico-sdk/src/rp2_common/pico_runtime/runtime.c.obj
                0x10006fc4                __pre_init_first_per_core_initializer
 .preinit_array.ZZZZZ.01200
                0x10006fc8        0x4 CMakeFiles/cap_template.dir/home/qaisalhindi/Documents/pico/w1part1/pico-sdk/src/rp2_common/hardware_irq/irq.c.obj
                0x10006fc8                __pre_init_runtime_init_per_core_irq_priorities
 *(.preinit_array)
                0x10006fcc                        PROVIDE (__preinit_array_end = .)
                0x10006fcc                        . = ALIGN (0x4)
                0x10006fcc                        PROVIDE (__init_array_start = .)
 *(SORT_BY_NAME(.init_array.*))
 .init_array.00000
                0x10006fcc        0x4 /usr/lib/gcc/arm-none-eabi/13.2.1/../../../arm-none-eabi/lib/thumb/v6-m/nofp/libg.a(libc_a-__call_atexit.o)
 *(.init_array)
 .init_array    0x10006fd0        0x4 /usr/lib/gcc/arm-none-eabi/13.2.1/thumb/v6-m/nofp/crtbegin.o
 .init_array    0x10006fd4        0x4 CMakeFiles/cap_template.dir/home/qaisalhindi/Documents/pico/w1part1/pico-sdk/src/rp2_common/pico_unique_id/unique_id.c.obj
                0x10006fd8                        PROVIDE (__init_array_end = .)
                0x10006fd8                        . = ALIGN (0x4)
                0x10006fd8                        PROVIDE (__fini_array_start = .)
 *(SORT_BY_NAME(.fini_array.*))
 *(.fini_array)
                0x10006fd8                        PROVIDE (__fini_array_end = .)
 *(.eh_frame*)
 .eh_frame      0x10006fd8        0x0 /usr/lib/gcc/arm-none-eabi/13.2.1/thumb/v6-m/nofp/crtbegin.o
                0x10006fd8                        . = ALIGN (0x4)

.glue_7         0x10006fd8        0x0
 .glue_7        0x10006fd8        0x0 linker stubs

.glue_7t        0x10006fd8        0x0
 .glue_7t       0x10006fd8        0x0 linker stubs

.vfp11_veneer   0x10006fd8        0x0
 .vfp11_veneer  0x10006fd8        0x0 linker stubs

.v4_bx          0x10006fd8        0x0
 .v4_bx         0x10006fd8        0x0 linker stubs

.iplt           0x10006fd8        0x0
 .iplt          0x10006fd8        0x0 /usr/lib/gcc/arm-none-eabi/13.2.1/thumb/v6-m/nofp/crtbegin.o

.rodata         0x10006fd8      0x9f0
 *(EXCLUDE_FILE(*libm.a: *libc.a:*lib_a-mem*.o *libgcc.a:) .rodata*)
 .rodata.main.str1.4
                0x10006fd8      0x444 CMakeFiles/cap_template.dir/main.c.obj
                                 0x95 (size before relaxing)
 .rodata.custom_fgets.str1.4
                0x1000741c        0x4 CMakeFiles/cap_template.dir/custom_fgets.c.obj
 .rodata.flash_write_safe.str1.4
                0x1000741c       0x5e CMakeFiles/cap_template.dir/flash_ops.c.obj
 .rodata.flash_read_safe.str1.4
                0x1000741c       0x95 CMakeFiles/cap_template.dir/flash_ops.c.obj
 .rodata.flash_erase_safe.str1.4
                0x1000741c       0x5a CMakeFiles/cap_template.dir/flash_ops.c.obj
 .rodata.execute_command.str1.4
                0x1000741c       0xee CMakeFiles/cap_template.dir/cli.c.obj
 .rodata.panic.str1.4
                0x1000741c       0x12 CMakeFiles/cap_template.dir/home/qaisalhindi/Documents/pico/w1part1/pico-sdk/src/rp2_common/pico_platform_panic/panic.c.obj
 .rodata.spin_lock_claim_unused.str1.4
                0x1000741c       0x1b CMakeFiles/cap_template.dir/home/qaisalhindi/Documents/pico/w1part1/pico-sdk/src/rp2_common/hardware_sync/sync.c.obj
 .rodata.user_irq_claim_unused.str1.4
                0x1000741c       0x1b CMakeFiles/cap_template.dir/home/qaisalhindi/Documents/pico/w1part1/pico-sdk/src/rp2_common/hardware_irq/irq.c.obj
 *fill*         0x1000741c        0x4 
 .rodata.at_the_end_of_time
                0x10007420        0x8 CMakeFiles/cap_template.dir/home/qaisalhindi/Documents/pico/w1part1/pico-sdk/src/common/pico_time/time.c.obj
                0x10007420                at_the_end_of_time
 .rodata.timer_hardware_alarm_claim.str1.4
                0x10007428       0x22 CMakeFiles/cap_template.dir/home/qaisalhindi/Documents/pico/w1part1/pico-sdk/src/rp2_common/hardware_timer/timer.c.obj
 .rodata.hard_assertion_failure.str1.4
                0x10007428        0xc CMakeFiles/cap_template.dir/home/qaisalhindi/Documents/pico/w1part1/pico-sdk/src/rp2_common/pico_runtime/runtime.c.obj
 .rodata.str1.4
                0x10007428       0x34 CMakeFiles/cap_template.dir/home/qaisalhindi/Documents/pico/w1part1/pico-sdk/src/rp2_common/pico_standard_binary_info/standard_binary_info.c.obj
 .rodata.__bi_84
                0x10007428        0xc CMakeFiles/cap_template.dir/home/qaisalhindi/Documents/pico/w1part1/pico-sdk/src/rp2_common/pico_standard_binary_info/standard_binary_info.c.obj
 .rodata.__bi_54
                0x10007434        0xc CMakeFiles/cap_template.dir/home/qaisalhindi/Documents/pico/w1part1/pico-sdk/src/rp2_common/pico_standard_binary_info/standard_binary_info.c.obj
 .rodata.__bi_48
                0x10007440        0xc CMakeFiles/cap_template.dir/home/qaisalhindi/Documents/pico/w1part1/pico-sdk/src/rp2_common/pico_standard_binary_info/standard_binary_info.c.obj
 .rodata.__bi_42
                0x1000744c        0xc CMakeFiles/cap_template.dir/home/qaisalhindi/Documents/pico/w1part1/pico-sdk/src/rp2_common/pico_standard_binary_info/standard_binary_info.c.obj
 .rodata.__bi_34
                0x10007458        0xc CMakeFiles/cap_template.dir/home/qaisalhindi/Documents/pico/w1part1/pico-sdk/src/rp2_common/pico_standard_binary_info/standard_binary_info.c.obj
 .rodata.__bi_26
                0x10007464        0xc CMakeFiles/cap_template.dir/home/qaisalhindi/Documents/pico/w1part1/pico-sdk/src/rp2_common/pico_standard_binary_info/standard_binary_info.c.obj
 .rodata._ftoa.str1.4
                0x10007470       0x15 CMakeFiles/cap_template.dir/home/qaisalhindi/Documents/pico/w1part1/pico-sdk/src/rp2_common/pico_printf/printf.c.obj
 .rodata._vsnprintf
                0x10007470      0x19c CMakeFiles/cap_template.dir/home/qaisalhindi/Documents/pico/w1part1/pico-sdk/src/rp2_common/pico_printf/printf.c.obj
 *fill*         0x1000760c        0x4 
 .rodata.pow10.0
                0x10007610       0x50 CMakeFiles/cap_template.dir/home/qaisalhindi/Documents/pico/w1part1/pico-sdk/src/rp2_common/pico_printf/printf.c.obj
 .rodata.crlf_str.0
                0x10007660        0x2 CMakeFiles/cap_template.dir/home/qaisalhindi/Documents/pico/w1part1/pico-sdk/src/rp2_common/pico_stdio/stdio.c.obj
 *fill*         0x10007662        0x2 
 .rodata._resetd_driver
                0x10007664       0x20 CMakeFiles/cap_template.dir/home/qaisalhindi/Documents/pico/w1part1/pico-sdk/src/rp2_common/pico_stdio_usb/reset_interface.c.obj
 .rodata.desc_ms_os_20
                0x10007684       0xa6 CMakeFiles/cap_template.dir/home/qaisalhindi/Documents/pico/w1part1/pico-sdk/src/rp2_common/pico_stdio_usb/reset_interface.c.obj
 *fill*         0x1000772a        0x2 
 .rodata.desc_bos
                0x1000772c       0x21 CMakeFiles/cap_template.dir/home/qaisalhindi/Documents/pico/w1part1/pico-sdk/src/rp2_common/pico_stdio_usb/reset_interface.c.obj
                0x1000772c                desc_bos
 .rodata.str1.4
                0x1000774d       0x13 CMakeFiles/cap_template.dir/home/qaisalhindi/Documents/pico/w1part1/pico-sdk/src/rp2_common/pico_stdio_usb/stdio_usb.c.obj
 *fill*         0x1000774d        0x3 
 .rodata.__bi_197.0
                0x10007750        0xc CMakeFiles/cap_template.dir/home/qaisalhindi/Documents/pico/w1part1/pico-sdk/src/rp2_common/pico_stdio_usb/stdio_usb.c.obj
 .rodata.str1.4
                0x1000775c       0x2a CMakeFiles/cap_template.dir/home/qaisalhindi/Documents/pico/w1part1/pico-sdk/src/rp2_common/pico_stdio_usb/stdio_usb_descriptors.c.obj
 .rodata.usbd_desc_str
                0x1000775c       0x18 CMakeFiles/cap_template.dir/home/qaisalhindi/Documents/pico/w1part1/pico-sdk/src/rp2_common/pico_stdio_usb/stdio_usb_descriptors.c.obj
 .rodata.usbd_desc_cfg
                0x10007774       0x54 CMakeFiles/cap_template.dir/home/qaisalhindi/Documents/pico/w1part1/pico-sdk/src/rp2_common/pico_stdio_usb/stdio_usb_descriptors.c.obj
 .rodata.usbd_desc_device
                0x100077c8       0x12 CMakeFiles/cap_template.dir/home/qaisalhindi/Documents/pico/w1part1/pico-sdk/src/rp2_common/pico_stdio_usb/stdio_usb_descriptors.c.obj
 .rodata.str1.4
                0x100077da       0x14 CMakeFiles/cap_template.dir/home/qaisalhindi/Documents/pico/w1part1/pico-sdk/lib/tinyusb/src/portable/raspberrypi/rp2040/dcd_rp2040.c.obj
 .rodata.str1.4
                0x100077da       0x48 CMakeFiles/cap_template.dir/home/qaisalhindi/Documents/pico/w1part1/pico-sdk/lib/tinyusb/src/portable/raspberrypi/rp2040/rp2040_usb.c.obj
 *fill*         0x100077da        0x2 
 .rodata.tud_task_ext
                0x100077dc       0x8c CMakeFiles/cap_template.dir/home/qaisalhindi/Documents/pico/w1part1/pico-sdk/lib/tinyusb/src/device/usbd.c.obj
 .rodata        0x10007868       0x1c CMakeFiles/cap_template.dir/home/qaisalhindi/Documents/pico/w1part1/pico-sdk/lib/tinyusb/src/device/usbd.c.obj
 .rodata._usbd_driver
                0x10007884       0x40 CMakeFiles/cap_template.dir/home/qaisalhindi/Documents/pico/w1part1/pico-sdk/lib/tinyusb/src/device/usbd.c.obj
 .rodata        0x100078c4      0x101 /usr/lib/gcc/arm-none-eabi/13.2.1/../../../arm-none-eabi/lib/thumb/v6-m/nofp/libg.a(libc_a-ctype_.o)
                0x100078c4                _ctype_
                0x100079c8                        . = ALIGN (0x4)
 *fill*         0x100079c5        0x3 
 *(SORT_BY_ALIGNMENT(SORT_BY_NAME(.flashdata*)))
                0x100079c8                        . = ALIGN (0x4)

.ARM.extab
 *(.ARM.extab* .gnu.linkonce.armextab.*)
                0x100079c8                        __exidx_start = .

.ARM.exidx
 *(.ARM.exidx* .gnu.linkonce.armexidx.*)
                0x100079c8                        __exidx_end = .
                0x100079c8                        . = ALIGN (0x4)
                0x100079c8                        __binary_info_start = .

.binary_info    0x100079c8       0x1c
 *(.binary_info.keep.*)
 .binary_info.keep.__bi_ptr84
                0x100079c8        0x4 CMakeFiles/cap_template.dir/home/qaisalhindi/Documents/pico/w1part1/pico-sdk/src/rp2_common/pico_standard_binary_info/standard_binary_info.c.obj
 .binary_info.keep.__bi_ptr54
                0x100079cc        0x4 CMakeFiles/cap_template.dir/home/qaisalhindi/Documents/pico/w1part1/pico-sdk/src/rp2_common/pico_standard_binary_info/standard_binary_info.c.obj
 .binary_info.keep.__bi_ptr48
                0x100079d0        0x4 CMakeFiles/cap_template.dir/home/qaisalhindi/Documents/pico/w1part1/pico-sdk/src/rp2_common/pico_standard_binary_info/standard_binary_info.c.obj
 .binary_info.keep.__bi_ptr42
                0x100079d4        0x4 CMakeFiles/cap_template.dir/home/qaisalhindi/Documents/pico/w1part1/pico-sdk/src/rp2_common/pico_standard_binary_info/standard_binary_info.c.obj
 .binary_info.keep.__bi_ptr34
                0x100079d8        0x4 CMakeFiles/cap_template.dir/home/qaisalhindi/Documents/pico/w1part1/pico-sdk/src/rp2_common/pico_standard_binary_info/standard_binary_info.c.obj
 .binary_info.keep.__bi_ptr26
                0x100079dc        0x4 CMakeFiles/cap_template.dir/home/qaisalhindi/Documents/pico/w1part1/pico-sdk/src/rp2_common/pico_standard_binary_info/standard_binary_info.c.obj
 *(.binary_info.*)
 .binary_info.__bi_ptr197
                0x100079e0        0x4 CMakeFiles/cap_template.dir/home/qaisalhindi/Documents/pico/w1part1/pico-sdk/src/rp2_common/pico_stdio_usb/stdio_usb.c.obj
                0x100079e4                        __binary_info_end = .

.rel.dyn        0x100079e4        0x0
 .rel.iplt      0x100079e4        0x0 /usr/lib/gcc/arm-none-eabi/13.2.1/thumb/v6-m/nofp/crtbegin.o
                0x100079e4                        . = ALIGN (0x4)

.ram_vector_table
                0x20000000       0xc0
 *(.ram_vector_table)
 .ram_vector_table
                0x20000000       0xc0 CMakeFiles/cap_template.dir/home/qaisalhindi/Documents/pico/w1part1/pico-sdk/src/rp2_common/pico_runtime_init/runtime_init.c.obj
                0x20000000                ram_vector_table

.uninitialized_data
                0x200000c0        0x0
                0x200000c0                        . = ALIGN (0x4)
 *(.uninitialized_data*)

.data           0x200000c0     0x11d8 load address 0x100079e4
                0x200000c0                        __data_start__ = .
 *(vtable)
 *(.time_critical*)
 .time_critical.mutex_try_enter
                0x200000c0       0x40 CMakeFiles/cap_template.dir/home/qaisalhindi/Documents/pico/w1part1/pico-sdk/src/common/pico_sync/mutex.c.obj
                0x200000c0                mutex_try_enter
 .time_critical.mutex_try_enter_block_until
                0x20000100       0x9c CMakeFiles/cap_template.dir/home/qaisalhindi/Documents/pico/w1part1/pico-sdk/src/common/pico_sync/mutex.c.obj
                0x20000100                mutex_try_enter_block_until
 .time_critical.mutex_enter_timeout_ms
                0x2000019c       0x90 CMakeFiles/cap_template.dir/home/qaisalhindi/Documents/pico/w1part1/pico-sdk/src/common/pico_sync/mutex.c.obj
                0x2000019c                mutex_enter_timeout_ms
 .time_critical.mutex_exit
                0x2000022c       0x28 CMakeFiles/cap_template.dir/home/qaisalhindi/Documents/pico/w1part1/pico-sdk/src/common/pico_sync/mutex.c.obj
                0x2000022c                mutex_exit
 .time_critical.flash_init_boot2_copyout
                0x20000254       0x30 CMakeFiles/cap_template.dir/home/qaisalhindi/Documents/pico/w1part1/pico-sdk/src/rp2_common/hardware_flash/flash.c.obj
 .time_critical.flash_enable_xip_via_boot2
                0x20000284        0xc CMakeFiles/cap_template.dir/home/qaisalhindi/Documents/pico/w1part1/pico-sdk/src/rp2_common/hardware_flash/flash.c.obj
 .time_critical.flash_cs_force
                0x20000290       0x38 CMakeFiles/cap_template.dir/home/qaisalhindi/Documents/pico/w1part1/pico-sdk/src/rp2_common/hardware_flash/flash.c.obj
 .time_critical.flash_range_erase
                0x200002c8       0x80 CMakeFiles/cap_template.dir/home/qaisalhindi/Documents/pico/w1part1/pico-sdk/src/rp2_common/hardware_flash/flash.c.obj
                0x200002c8                flash_range_erase
 .time_critical.flash_range_program
                0x20000348       0x80 CMakeFiles/cap_template.dir/home/qaisalhindi/Documents/pico/w1part1/pico-sdk/src/rp2_common/hardware_flash/flash.c.obj
                0x20000348                flash_range_program
 .time_critical.flash_do_cmd
                0x200003c8       0xc0 CMakeFiles/cap_template.dir/home/qaisalhindi/Documents/pico/w1part1/pico-sdk/src/rp2_common/hardware_flash/flash.c.obj
                0x200003c8                flash_do_cmd
 .time_critical.reset_non_control_endpoints
                0x20000488       0x68 CMakeFiles/cap_template.dir/home/qaisalhindi/Documents/pico/w1part1/pico-sdk/lib/tinyusb/src/portable/raspberrypi/rp2040/dcd_rp2040.c.obj
 .time_critical.hw_handle_buff_status
                0x200004f0       0xb0 CMakeFiles/cap_template.dir/home/qaisalhindi/Documents/pico/w1part1/pico-sdk/lib/tinyusb/src/portable/raspberrypi/rp2040/dcd_rp2040.c.obj
 .time_critical.dcd_rp2040_irq
                0x200005a0      0x578 CMakeFiles/cap_template.dir/home/qaisalhindi/Documents/pico/w1part1/pico-sdk/lib/tinyusb/src/portable/raspberrypi/rp2040/dcd_rp2040.c.obj
 .time_critical.prepare_ep_buffer
                0x20000b18       0xe0 CMakeFiles/cap_template.dir/home/qaisalhindi/Documents/pico/w1part1/pico-sdk/lib/tinyusb/src/portable/raspberrypi/rp2040/rp2040_usb.c.obj
 .time_critical.sync_ep_buffer
                0x20000bf8       0xa8 CMakeFiles/cap_template.dir/home/qaisalhindi/Documents/pico/w1part1/pico-sdk/lib/tinyusb/src/portable/raspberrypi/rp2040/rp2040_usb.c.obj
 .time_critical._hw_endpoint_xfer_sync
                0x20000ca0       0x28 CMakeFiles/cap_template.dir/home/qaisalhindi/Documents/pico/w1part1/pico-sdk/lib/tinyusb/src/portable/raspberrypi/rp2040/rp2040_usb.c.obj
 .time_critical.e15_is_bulkin_ep
                0x20000cc8       0x28 CMakeFiles/cap_template.dir/home/qaisalhindi/Documents/pico/w1part1/pico-sdk/lib/tinyusb/src/portable/raspberrypi/rp2040/rp2040_usb.c.obj
 .time_critical.e15_is_critical_frame_period
                0x20000cf0       0x34 CMakeFiles/cap_template.dir/home/qaisalhindi/Documents/pico/w1part1/pico-sdk/lib/tinyusb/src/portable/raspberrypi/rp2040/rp2040_usb.c.obj
 .time_critical.hw_endpoint_reset_transfer
                0x20000d24        0xc CMakeFiles/cap_template.dir/home/qaisalhindi/Documents/pico/w1part1/pico-sdk/lib/tinyusb/src/portable/raspberrypi/rp2040/rp2040_usb.c.obj
                0x20000d24                hw_endpoint_reset_transfer
 .time_critical._hw_endpoint_buffer_control_update32
                0x20000d30       0x50 CMakeFiles/cap_template.dir/home/qaisalhindi/Documents/pico/w1part1/pico-sdk/lib/tinyusb/src/portable/raspberrypi/rp2040/rp2040_usb.c.obj
                0x20000d30                _hw_endpoint_buffer_control_update32
 .time_critical.hw_endpoint_start_next_buffer
                0x20000d80       0x6c CMakeFiles/cap_template.dir/home/qaisalhindi/Documents/pico/w1part1/pico-sdk/lib/tinyusb/src/portable/raspberrypi/rp2040/rp2040_usb.c.obj
                0x20000d80                hw_endpoint_start_next_buffer
 .time_critical.hw_endpoint_xfer_continue
                0x20000dec       0x40 CMakeFiles/cap_template.dir/home/qaisalhindi/Documents/pico/w1part1/pico-sdk/lib/tinyusb/src/portable/raspberrypi/rp2040/rp2040_usb.c.obj
                0x20000dec                hw_endpoint_xfer_continue
 .time_critical.tinyusb
                0x20000e2c      0x1e4 CMakeFiles/cap_template.dir/home/qaisalhindi/Documents/pico/w1part1/pico-sdk/lib/tinyusb/src/device/usbd.c.obj
                0x20000e2c                dcd_event_handler
 *(.text*)
 .text          0x20001010        0x4 /usr/lib/gcc/arm-none-eabi/13.2.1/thumb/v6-m/nofp/libgcc.a(_dvmd_tls.o)
                0x20001010                __aeabi_ldiv0
                0x20001010                __aeabi_idiv0
 *fill*         0x20001014        0x4 
 .text.__stub   0x20001018       0x90 linker stubs
                0x200010a8                        . = ALIGN (0x4)
 *(.rodata*)
                0x200010a8                        . = ALIGN (0x4)
 *(.data*)
 .data.last_offset
                0x200010a8        0x4 CMakeFiles/cap_template.dir/flash_ops.c.obj
 .data.striped_spin_lock_num
                0x200010ac        0x1 CMakeFiles/cap_template.dir/home/qaisalhindi/Documents/pico/w1part1/pico-sdk/src/rp2_common/hardware_sync/sync.c.obj
 *fill*         0x200010ad        0x3 
 .data          0x200010b0       0x48 CMakeFiles/cap_template.dir/home/qaisalhindi/Documents/pico/w1part1/pico-sdk/src/rp2_common/hardware_irq/irq_handler_chain.S.obj
                0x200010b0                irq_handler_chain_slots
                0x200010e0                irq_handler_chain_first_slot
                0x200010ea                irq_handler_chain_remove_tail
 .data.default_alarm_pool
                0x200010f8       0x18 CMakeFiles/cap_template.dir/home/qaisalhindi/Documents/pico/w1part1/pico-sdk/src/common/pico_time/time.c.obj
 *fill*         0x20001110        0x0 
 .data.aeabi_bits_funcs
                0x20001110       0x10 CMakeFiles/cap_template.dir/home/qaisalhindi/Documents/pico/w1part1/pico-sdk/src/rp2_common/pico_bit_ops/bit_ops_aeabi.S.obj
                0x20001110                aeabi_bits_funcs
                0x20001120                aeabi_bits_funcs_end
 .data.aeabi_mem_funcs
                0x20001120       0x10 CMakeFiles/cap_template.dir/home/qaisalhindi/Documents/pico/w1part1/pico-sdk/src/rp2_common/pico_mem_ops/mem_ops_aeabi.S.obj
                0x20001120                aeabi_mem_funcs
                0x20001130                aeabi_mem_funcs_end
 .data.stdio_usb
                0x20001130       0x18 CMakeFiles/cap_template.dir/home/qaisalhindi/Documents/pico/w1part1/pico-sdk/src/rp2_common/pico_stdio_usb/stdio_usb.c.obj
                0x20001130                stdio_usb
 .data._usbd_qdef
                0x20001148       0x1c CMakeFiles/cap_template.dir/home/qaisalhindi/Documents/pico/w1part1/pico-sdk/lib/tinyusb/src/device/usbd.c.obj
                0x20001148                _usbd_qdef
 .data._usbd_rhport
                0x20001164        0x1 CMakeFiles/cap_template.dir/home/qaisalhindi/Documents/pico/w1part1/pico-sdk/lib/tinyusb/src/device/usbd.c.obj
 *fill*         0x20001165        0x3 
 .data          0x20001168      0x128 /usr/lib/gcc/arm-none-eabi/13.2.1/../../../arm-none-eabi/lib/thumb/v6-m/nofp/libg.a(libc_a-impure.o)
                0x20001168                _impure_ptr
                0x20001170                _impure_data
                0x20001290                        . = ALIGN (0x4)
 *(.after_data.*)
                0x20001290                        . = ALIGN (0x4)
                0x20001290                        PROVIDE (__mutex_array_start = .)
 *(SORT_BY_NAME(.mutex_array.*))
 *(.mutex_array)
 .mutex_array   0x20001290        0x8 CMakeFiles/cap_template.dir/home/qaisalhindi/Documents/pico/w1part1/pico-sdk/src/rp2_common/pico_stdio/stdio.c.obj
                0x20001298                        PROVIDE (__mutex_array_end = .)
                0x20001298                        . = ALIGN (0x4)
 *(.jcr)
                0x20001298                        . = ALIGN (0x4)

.tm_clone_table
                0x20001298        0x0 load address 0x10008bbc
 .tm_clone_table
                0x20001298        0x0 /usr/lib/gcc/arm-none-eabi/13.2.1/thumb/v6-m/nofp/crtbegin.o
 .tm_clone_table
                0x20001298        0x0 /usr/lib/gcc/arm-none-eabi/13.2.1/thumb/v6-m/nofp/crtend.o

.igot.plt       0x20001298        0x0 load address 0x10008bbc
 .igot.plt      0x20001298        0x0 /usr/lib/gcc/arm-none-eabi/13.2.1/thumb/v6-m/nofp/crtbegin.o

.tdata          0x20001298        0x0 load address 0x10008bbc
                0x20001298                        . = ALIGN (0x4)
 *(.tdata .tdata.* .gnu.linkonce.td.*)
                0x20001298                        __tdata_end = .
                0x20001298                        PROVIDE (__data_end__ = .)
                0x100079e4                        __etext = LOADADDR (.data)

.tbss           0x20001298        0x0 load address 0x10008bbc
                0x20001298                        . = ALIGN (0x4)
                0x20001298                        __bss_start__ = .
                0x20001298                        __tls_base = .
 *(.tbss .tbss.* .gnu.linkonce.tb.*)
 *(.tcommon)
                0x20001298                        __tls_end = .

.bss            0x20001298     0x1340 load address 0x10008bbc
                0x20001298                        . = ALIGN (0x4)
                0x20001298                        __tbss_end = .
 *(SORT_BY_ALIGNMENT(SORT_BY_NAME(.bss*)))
 .bss._vendord_itf
                0x20001298      0x2bc CMakeFiles/cap_template.dir/home/qaisalhindi/Documents/pico/w1part1/pico-sdk/lib/tinyusb/src/class/vendor/vendor_device.c.obj
 *fill*         0x20001554        0x4 
 .bss.default_alarm_pool_entries
                0x20001558      0x180 CMakeFiles/cap_template.dir/home/qaisalhindi/Documents/pico/w1part1/pico-sdk/src/common/pico_time/time.c.obj
 .bss.last_avail_time.1
                0x200016d8        0x8 CMakeFiles/cap_template.dir/home/qaisalhindi/Documents/pico/w1part1/pico-sdk/src/rp2_common/pico_stdio_usb/stdio_usb.c.obj
 .bss.sd_table  0x200016e0      0x100 CMakeFiles/cap_template.dir/home/qaisalhindi/Documents/pico/w1part1/pico-sdk/src/rp2_common/pico_double/double_init_rom_rp2040.c.obj
                0x200016e0                sd_table
 .bss.sf_table  0x200017e0      0x100 CMakeFiles/cap_template.dir/home/qaisalhindi/Documents/pico/w1part1/pico-sdk/src/rp2_common/pico_float/float_init_rom_rp2040.c.obj
                0x200017e0                sf_table
 .bss           0x200018e0       0x1c /usr/lib/gcc/arm-none-eabi/13.2.1/thumb/v6-m/nofp/crtbegin.o
 .bss           0x200018fc      0x13c /usr/lib/gcc/arm-none-eabi/13.2.1/../../../arm-none-eabi/lib/thumb/v6-m/nofp/libg.a(libc_a-findfp.o)
                0x200018fc                __stdio_exit_handler
                0x20001900                __sf
 .bss           0x20001a38      0x190 /usr/lib/gcc/arm-none-eabi/13.2.1/../../../arm-none-eabi/lib/thumb/v6-m/nofp/libg.a(libc_a-__atexit.o)
                0x20001a38                __atexit0
 .bss           0x20001bc8        0x4 /usr/lib/gcc/arm-none-eabi/13.2.1/../../../arm-none-eabi/lib/thumb/v6-m/nofp/libg.a(libc_a-__call_atexit.o)
                0x20001bc8                __atexit
 .bss._app_driver
                0x20001bcc        0x4 CMakeFiles/cap_template.dir/home/qaisalhindi/Documents/pico/w1part1/pico-sdk/lib/tinyusb/src/device/usbd.c.obj
 .bss._cdcd_fifo_cfg
                0x20001bd0        0x1 CMakeFiles/cap_template.dir/home/qaisalhindi/Documents/pico/w1part1/pico-sdk/lib/tinyusb/src/class/cdc/cdc_device.c.obj
 *fill*         0x20001bd1        0x3 
 .bss._cdcd_itf
                0x20001bd4      0x2c8 CMakeFiles/cap_template.dir/home/qaisalhindi/Documents/pico/w1part1/pico-sdk/lib/tinyusb/src/class/cdc/cdc_device.c.obj
 .bss._ctrl_xfer
                0x20001e9c       0x14 CMakeFiles/cap_template.dir/home/qaisalhindi/Documents/pico/w1part1/pico-sdk/lib/tinyusb/src/device/usbd_control.c.obj
 .bss._ubsd_mutexdef
                0x20001eb0        0x8 CMakeFiles/cap_template.dir/home/qaisalhindi/Documents/pico/w1part1/pico-sdk/lib/tinyusb/src/device/usbd.c.obj
 .bss._usbd_ctrl_buf
                0x20001eb8       0x40 CMakeFiles/cap_template.dir/home/qaisalhindi/Documents/pico/w1part1/pico-sdk/lib/tinyusb/src/device/usbd_control.c.obj
 .bss._usbd_dev
                0x20001ef8       0x54 CMakeFiles/cap_template.dir/home/qaisalhindi/Documents/pico/w1part1/pico-sdk/lib/tinyusb/src/device/usbd.c.obj
 .bss._usbd_mutex
                0x20001f4c        0x4 CMakeFiles/cap_template.dir/home/qaisalhindi/Documents/pico/w1part1/pico-sdk/lib/tinyusb/src/device/usbd.c.obj
 .bss._usbd_q   0x20001f50        0x4 CMakeFiles/cap_template.dir/home/qaisalhindi/Documents/pico/w1part1/pico-sdk/lib/tinyusb/src/device/usbd.c.obj
 .bss._usbd_qdef_buf
                0x20001f54       0xc0 CMakeFiles/cap_template.dir/home/qaisalhindi/Documents/pico/w1part1/pico-sdk/lib/tinyusb/src/device/usbd.c.obj
                0x20001f54                _usbd_qdef_buf
 .bss.boot2_copyout
                0x20002014      0x100 CMakeFiles/cap_template.dir/home/qaisalhindi/Documents/pico/w1part1/pico-sdk/src/rp2_common/hardware_flash/flash.c.obj
 .bss.chars_available_callback
                0x20002114        0x4 CMakeFiles/cap_template.dir/home/qaisalhindi/Documents/pico/w1part1/pico-sdk/src/rp2_common/pico_stdio_usb/stdio_usb.c.obj
 .bss.chars_available_param
                0x20002118        0x4 CMakeFiles/cap_template.dir/home/qaisalhindi/Documents/pico/w1part1/pico-sdk/src/rp2_common/pico_stdio_usb/stdio_usb.c.obj
 .bss.claimed   0x2000211c        0x4 CMakeFiles/cap_template.dir/home/qaisalhindi/Documents/pico/w1part1/pico-sdk/src/rp2_common/hardware_sync/sync.c.obj
 .bss.claimed   0x20002120        0x1 CMakeFiles/cap_template.dir/home/qaisalhindi/Documents/pico/w1part1/pico-sdk/src/rp2_common/hardware_timer/timer.c.obj
 *fill*         0x20002121        0x3 
 .bss.configured_freq
                0x20002124       0x28 CMakeFiles/cap_template.dir/home/qaisalhindi/Documents/pico/w1part1/pico-sdk/src/rp2_common/hardware_clocks/clocks.c.obj
 .bss.desc_str.0
                0x2000214c       0x28 CMakeFiles/cap_template.dir/home/qaisalhindi/Documents/pico/w1part1/pico-sdk/src/rp2_common/pico_stdio_usb/stdio_usb_descriptors.c.obj
 .bss.drivers   0x20002174        0x4 CMakeFiles/cap_template.dir/home/qaisalhindi/Documents/pico/w1part1/pico-sdk/src/rp2_common/pico_stdio/stdio.c.obj
 .bss.e15_last_sof
                0x20002178        0x4 CMakeFiles/cap_template.dir/home/qaisalhindi/Documents/pico/w1part1/pico-sdk/lib/tinyusb/src/portable/raspberrypi/rp2040/rp2040_usb.c.obj
                0x20002178                e15_last_sof
 .bss.filter    0x2000217c        0x4 CMakeFiles/cap_template.dir/home/qaisalhindi/Documents/pico/w1part1/pico-sdk/src/rp2_common/pico_stdio/stdio.c.obj
 .bss.hw_endpoints
                0x20002180      0x400 CMakeFiles/cap_template.dir/home/qaisalhindi/Documents/pico/w1part1/pico-sdk/lib/tinyusb/src/portable/raspberrypi/rp2040/dcd_rp2040.c.obj
 .bss.lazy_vsnprintf
                0x20002580        0x4 CMakeFiles/cap_template.dir/home/qaisalhindi/Documents/pico/w1part1/pico-sdk/src/rp2_common/pico_printf/printf.c.obj
 .bss.load_value
                0x20002584        0x4 CMakeFiles/cap_template.dir/home/qaisalhindi/Documents/pico/w1part1/pico-sdk/src/rp2_common/hardware_watchdog/watchdog.c.obj
 .bss.next_buffer_ptr
                0x20002588        0x4 CMakeFiles/cap_template.dir/home/qaisalhindi/Documents/pico/w1part1/pico-sdk/lib/tinyusb/src/portable/raspberrypi/rp2040/dcd_rp2040.c.obj
 .bss.one_shot_timer_crit_sec
                0x2000258c        0x8 CMakeFiles/cap_template.dir/home/qaisalhindi/Documents/pico/w1part1/pico-sdk/src/rp2_common/pico_stdio_usb/stdio_usb.c.obj
 .bss.pools     0x20002594       0x10 CMakeFiles/cap_template.dir/home/qaisalhindi/Documents/pico/w1part1/pico-sdk/src/common/pico_time/time.c.obj
 .bss.retrieved_id
                0x200025a4        0x8 CMakeFiles/cap_template.dir/home/qaisalhindi/Documents/pico/w1part1/pico-sdk/src/rp2_common/pico_unique_id/unique_id.c.obj
 .bss.sf_clz_func
                0x200025ac        0x4 CMakeFiles/cap_template.dir/home/qaisalhindi/Documents/pico/w1part1/pico-sdk/src/rp2_common/pico_double/double_init_rom_rp2040.c.obj
                0x200025ac                sf_clz_func
 .bss.sleep_notifier
                0x200025b0        0x4 CMakeFiles/cap_template.dir/home/qaisalhindi/Documents/pico/w1part1/pico-sdk/src/common/pico_time/time.c.obj
 .bss.stdio_usb_mutex
                0x200025b4        0x8 CMakeFiles/cap_template.dir/home/qaisalhindi/Documents/pico/w1part1/pico-sdk/src/rp2_common/pico_stdio_usb/stdio_usb.c.obj
 .bss.usbd_serial_str
                0x200025bc       0x11 CMakeFiles/cap_template.dir/home/qaisalhindi/Documents/pico/w1part1/pico-sdk/src/rp2_common/pico_stdio_usb/stdio_usb_descriptors.c.obj
 .bss._app_driver_count
                0x200025cd        0x1 CMakeFiles/cap_template.dir/home/qaisalhindi/Documents/pico/w1part1/pico-sdk/lib/tinyusb/src/device/usbd.c.obj
 .bss._sof_enable
                0x200025ce        0x1 CMakeFiles/cap_template.dir/home/qaisalhindi/Documents/pico/w1part1/pico-sdk/lib/tinyusb/src/portable/raspberrypi/rp2040/dcd_rp2040.c.obj
 .bss._usbd_queued_setup
                0x200025cf        0x1 CMakeFiles/cap_template.dir/home/qaisalhindi/Documents/pico/w1part1/pico-sdk/lib/tinyusb/src/device/usbd.c.obj
 .bss.boot2_copyout_valid
                0x200025d0        0x1 CMakeFiles/cap_template.dir/home/qaisalhindi/Documents/pico/w1part1/pico-sdk/src/rp2_common/hardware_flash/flash.c.obj
 .bss.irq_handler_chain_free_slot_head
                0x200025d1        0x1 CMakeFiles/cap_template.dir/home/qaisalhindi/Documents/pico/w1part1/pico-sdk/src/rp2_common/hardware_irq/irq.c.obj
 .bss.itf_num   0x200025d2        0x1 CMakeFiles/cap_template.dir/home/qaisalhindi/Documents/pico/w1part1/pico-sdk/src/rp2_common/pico_stdio_usb/reset_interface.c.obj
 .bss.low_priority_irq_num
                0x200025d3        0x1 CMakeFiles/cap_template.dir/home/qaisalhindi/Documents/pico/w1part1/pico-sdk/src/rp2_common/pico_stdio_usb/stdio_usb.c.obj
 .bss.one_shot_timer_pending
                0x200025d4        0x1 CMakeFiles/cap_template.dir/home/qaisalhindi/Documents/pico/w1part1/pico-sdk/src/rp2_common/pico_stdio_usb/stdio_usb.c.obj
 .bss.user_irq_claimed
                0x200025d5        0x1 CMakeFiles/cap_template.dir/home/qaisalhindi/Documents/pico/w1part1/pico-sdk/src/rp2_common/hardware_irq/irq.c.obj
 *(COMMON)
                0x200025d8                        . = ALIGN (0x4)
 *fill*         0x200025d6        0x2 
                0x200025d8                        __bss_end__ = .

.heap           0x200025d8    0x3da28 load address 0x10008bbc
                0x200025d8                        __end__ = .
                0x200025d8                        end = __end__
 *(.heap*)
 .heap          0x200025d8      0x800 CMakeFiles/cap_template.dir/home/qaisalhindi/Documents/pico/w1part1/pico-sdk/src/rp2_common/pico_crt0/crt0.S.obj
                0x20040000                        . = (ORIGIN (RAM) + LENGTH (RAM))
 *fill*         0x20002dd8    0x3d228 
                0x20040000                        __HeapLimit = .
